{
    "test json": {
        "content": [
            16,
            {
                "BCFTOOLS_STATS": {
                    "bcftools": 1.21
                },
                "FASTP": {
                    "fastp": "0.24.0"
                },
                "MOSDEPTH": {
                    "mosdepth": "0.3.10"
                },
                "TABIX_TABIX": {
                    "tabix": 1.21
                },
                "Workflow": {
                    "GHGA AQuA": "v1.0.0dev"
                }
            },
            [
                "1234T",
                "1234T/bcftools_stats",
                "1234T/bcftools_stats/1234T.bcftools_stats.txt",
                "1234T/fastp",
                "1234T/fastp/1234T.fastp.html",
                "1234T/fastp/1234T.fastp.json",
                "1234T/fastp/1234T.fastp.log",
                "1234T/mosdepth",
                "1234T/mosdepth/1234T.mosdepth.global.dist.txt",
                "1234T/mosdepth/1234T.mosdepth.summary.txt",
                "1234T/sambamba_flagstat",
                "1234T/sambamba_flagstat/1234T.stats",
                "SAMPLE1_PE",
                "SAMPLE1_PE/bcftools_stats",
                "SAMPLE1_PE/bcftools_stats/SAMPLE1_PE.bcftools_stats.txt",
                "SAMPLE1_PE/fastp",
                "SAMPLE1_PE/fastp/SAMPLE1_PE.fastp.html",
                "SAMPLE1_PE/fastp/SAMPLE1_PE.fastp.json",
                "SAMPLE1_PE/fastp/SAMPLE1_PE.fastp.log",
                "SAMPLE1_PE/mosdepth",
                "SAMPLE1_PE/mosdepth/SAMPLE1_PE.mosdepth.global.dist.txt",
                "SAMPLE1_PE/mosdepth/SAMPLE1_PE.mosdepth.summary.txt",
                "SAMPLE1_PE/sambamba_flagstat",
                "SAMPLE1_PE/sambamba_flagstat/SAMPLE1_PE.stats",
                "SAMPLE3_SE",
                "SAMPLE3_SE/fastp",
                "SAMPLE3_SE/fastp/SAMPLE3_SE.fastp.html",
                "SAMPLE3_SE/fastp/SAMPLE3_SE.fastp.json",
                "SAMPLE3_SE/fastp/SAMPLE3_SE.fastp.log",
                "multiqc",
                "multiqc/multiqc_data",
                "multiqc/multiqc_data/bcftools-stats-subtypes.txt",
                "multiqc/multiqc_data/bcftools_stats_indel-lengths.txt",
                "multiqc/multiqc_data/bcftools_stats_vqc_Count_Indels.txt",
                "multiqc/multiqc_data/bcftools_stats_vqc_Count_SNP.txt",
                "multiqc/multiqc_data/bcftools_stats_vqc_Count_Transitions.txt",
                "multiqc/multiqc_data/bcftools_stats_vqc_Count_Transversions.txt",
                "multiqc/multiqc_data/fastp-insert-size-plot.txt",
                "multiqc/multiqc_data/fastp-seq-content-gc-plot_Read_1_After_filtering.txt",
                "multiqc/multiqc_data/fastp-seq-content-gc-plot_Read_1_Before_filtering.txt",
                "multiqc/multiqc_data/fastp-seq-content-gc-plot_Read_2_After_filtering.txt",
                "multiqc/multiqc_data/fastp-seq-content-gc-plot_Read_2_Before_filtering.txt",
                "multiqc/multiqc_data/fastp-seq-content-n-plot_Read_1_After_filtering.txt",
                "multiqc/multiqc_data/fastp-seq-content-n-plot_Read_1_Before_filtering.txt",
                "multiqc/multiqc_data/fastp-seq-content-n-plot_Read_2_After_filtering.txt",
                "multiqc/multiqc_data/fastp-seq-content-n-plot_Read_2_Before_filtering.txt",
                "multiqc/multiqc_data/fastp-seq-quality-plot_Read_1_After_filtering.txt",
                "multiqc/multiqc_data/fastp-seq-quality-plot_Read_1_Before_filtering.txt",
                "multiqc/multiqc_data/fastp-seq-quality-plot_Read_2_After_filtering.txt",
                "multiqc/multiqc_data/fastp-seq-quality-plot_Read_2_Before_filtering.txt",
                "multiqc/multiqc_data/fastp_filtered_reads_plot.txt",
                "multiqc/multiqc_data/llms-full.txt",
                "multiqc/multiqc_data/mosdepth-coverage-per-contig-multi.txt",
                "multiqc/multiqc_data/mosdepth-cumcoverage-dist-id.txt",
                "multiqc/multiqc_data/mosdepth_cov_dist.txt",
                "multiqc/multiqc_data/mosdepth_cumcov_dist.txt",
                "multiqc/multiqc_data/mosdepth_perchrom.txt",
                "multiqc/multiqc_data/multiqc.log",
                "multiqc/multiqc_data/multiqc.parquet",
                "multiqc/multiqc_data/multiqc_bcftools_stats.txt",
                "multiqc/multiqc_data/multiqc_citations.txt",
                "multiqc/multiqc_data/multiqc_data.json",
                "multiqc/multiqc_data/multiqc_fastp.txt",
                "multiqc/multiqc_data/multiqc_general_stats.txt",
                "multiqc/multiqc_data/multiqc_samtools_flagstat.txt",
                "multiqc/multiqc_data/multiqc_software_versions.txt",
                "multiqc/multiqc_data/multiqc_sources.txt",
                "multiqc/multiqc_data/samtools-flagstat-pct-table.txt",
                "multiqc/multiqc_data/samtools-flagstat-table.txt",
                "multiqc/multiqc_plots",
                "multiqc/multiqc_plots/pdf",
                "multiqc/multiqc_plots/pdf/bcftools-stats-subtypes-cnt.pdf",
                "multiqc/multiqc_plots/pdf/bcftools-stats-subtypes-pct.pdf",
                "multiqc/multiqc_plots/pdf/bcftools_stats_indel-lengths-cnt.pdf",
                "multiqc/multiqc_plots/pdf/bcftools_stats_indel-lengths-log.pdf",
                "multiqc/multiqc_plots/pdf/bcftools_stats_vqc_Count_Indels.pdf",
                "multiqc/multiqc_plots/pdf/bcftools_stats_vqc_Count_SNP.pdf",
                "multiqc/multiqc_plots/pdf/bcftools_stats_vqc_Count_Transitions.pdf",
                "multiqc/multiqc_plots/pdf/bcftools_stats_vqc_Count_Transversions.pdf",
                "multiqc/multiqc_plots/pdf/fastp-insert-size-plot.pdf",
                "multiqc/multiqc_plots/pdf/fastp-seq-content-gc-plot_Read_1_After_filtering.pdf",
                "multiqc/multiqc_plots/pdf/fastp-seq-content-gc-plot_Read_1_Before_filtering.pdf",
                "multiqc/multiqc_plots/pdf/fastp-seq-content-gc-plot_Read_2_After_filtering.pdf",
                "multiqc/multiqc_plots/pdf/fastp-seq-content-gc-plot_Read_2_Before_filtering.pdf",
                "multiqc/multiqc_plots/pdf/fastp-seq-content-n-plot_Read_1_After_filtering.pdf",
                "multiqc/multiqc_plots/pdf/fastp-seq-content-n-plot_Read_1_Before_filtering.pdf",
                "multiqc/multiqc_plots/pdf/fastp-seq-content-n-plot_Read_2_After_filtering.pdf",
                "multiqc/multiqc_plots/pdf/fastp-seq-content-n-plot_Read_2_Before_filtering.pdf",
                "multiqc/multiqc_plots/pdf/fastp-seq-quality-plot_Read_1_After_filtering.pdf",
                "multiqc/multiqc_plots/pdf/fastp-seq-quality-plot_Read_1_Before_filtering.pdf",
                "multiqc/multiqc_plots/pdf/fastp-seq-quality-plot_Read_2_After_filtering.pdf",
                "multiqc/multiqc_plots/pdf/fastp-seq-quality-plot_Read_2_Before_filtering.pdf",
                "multiqc/multiqc_plots/pdf/fastp_filtered_reads_plot-cnt.pdf",
                "multiqc/multiqc_plots/pdf/fastp_filtered_reads_plot-pct.pdf",
                "multiqc/multiqc_plots/pdf/mosdepth-coverage-per-contig-multi-cnt.pdf",
                "multiqc/multiqc_plots/pdf/mosdepth-coverage-per-contig-multi-log.pdf",
                "multiqc/multiqc_plots/pdf/mosdepth-cumcoverage-dist-id.pdf",
                "multiqc/multiqc_plots/pdf/samtools-flagstat-pct-table.pdf",
                "multiqc/multiqc_plots/pdf/samtools-flagstat-table.pdf",
                "multiqc/multiqc_plots/png",
                "multiqc/multiqc_plots/png/bcftools-stats-subtypes-cnt.png",
                "multiqc/multiqc_plots/png/bcftools-stats-subtypes-pct.png",
                "multiqc/multiqc_plots/png/bcftools_stats_indel-lengths-cnt.png",
                "multiqc/multiqc_plots/png/bcftools_stats_indel-lengths-log.png",
                "multiqc/multiqc_plots/png/bcftools_stats_vqc_Count_Indels.png",
                "multiqc/multiqc_plots/png/bcftools_stats_vqc_Count_SNP.png",
                "multiqc/multiqc_plots/png/bcftools_stats_vqc_Count_Transitions.png",
                "multiqc/multiqc_plots/png/bcftools_stats_vqc_Count_Transversions.png",
                "multiqc/multiqc_plots/png/fastp-insert-size-plot.png",
                "multiqc/multiqc_plots/png/fastp-seq-content-gc-plot_Read_1_After_filtering.png",
                "multiqc/multiqc_plots/png/fastp-seq-content-gc-plot_Read_1_Before_filtering.png",
                "multiqc/multiqc_plots/png/fastp-seq-content-gc-plot_Read_2_After_filtering.png",
                "multiqc/multiqc_plots/png/fastp-seq-content-gc-plot_Read_2_Before_filtering.png",
                "multiqc/multiqc_plots/png/fastp-seq-content-n-plot_Read_1_After_filtering.png",
                "multiqc/multiqc_plots/png/fastp-seq-content-n-plot_Read_1_Before_filtering.png",
                "multiqc/multiqc_plots/png/fastp-seq-content-n-plot_Read_2_After_filtering.png",
                "multiqc/multiqc_plots/png/fastp-seq-content-n-plot_Read_2_Before_filtering.png",
                "multiqc/multiqc_plots/png/fastp-seq-quality-plot_Read_1_After_filtering.png",
                "multiqc/multiqc_plots/png/fastp-seq-quality-plot_Read_1_Before_filtering.png",
                "multiqc/multiqc_plots/png/fastp-seq-quality-plot_Read_2_After_filtering.png",
                "multiqc/multiqc_plots/png/fastp-seq-quality-plot_Read_2_Before_filtering.png",
                "multiqc/multiqc_plots/png/fastp_filtered_reads_plot-cnt.png",
                "multiqc/multiqc_plots/png/fastp_filtered_reads_plot-pct.png",
                "multiqc/multiqc_plots/png/mosdepth-coverage-per-contig-multi-cnt.png",
                "multiqc/multiqc_plots/png/mosdepth-coverage-per-contig-multi-log.png",
                "multiqc/multiqc_plots/png/mosdepth-cumcoverage-dist-id.png",
                "multiqc/multiqc_plots/png/samtools-flagstat-pct-table.png",
                "multiqc/multiqc_plots/png/samtools-flagstat-table.png",
                "multiqc/multiqc_plots/svg",
                "multiqc/multiqc_plots/svg/bcftools-stats-subtypes-cnt.svg",
                "multiqc/multiqc_plots/svg/bcftools-stats-subtypes-pct.svg",
                "multiqc/multiqc_plots/svg/bcftools_stats_indel-lengths-cnt.svg",
                "multiqc/multiqc_plots/svg/bcftools_stats_indel-lengths-log.svg",
                "multiqc/multiqc_plots/svg/bcftools_stats_vqc_Count_Indels.svg",
                "multiqc/multiqc_plots/svg/bcftools_stats_vqc_Count_SNP.svg",
                "multiqc/multiqc_plots/svg/bcftools_stats_vqc_Count_Transitions.svg",
                "multiqc/multiqc_plots/svg/bcftools_stats_vqc_Count_Transversions.svg",
                "multiqc/multiqc_plots/svg/fastp-insert-size-plot.svg",
                "multiqc/multiqc_plots/svg/fastp-seq-content-gc-plot_Read_1_After_filtering.svg",
                "multiqc/multiqc_plots/svg/fastp-seq-content-gc-plot_Read_1_Before_filtering.svg",
                "multiqc/multiqc_plots/svg/fastp-seq-content-gc-plot_Read_2_After_filtering.svg",
                "multiqc/multiqc_plots/svg/fastp-seq-content-gc-plot_Read_2_Before_filtering.svg",
                "multiqc/multiqc_plots/svg/fastp-seq-content-n-plot_Read_1_After_filtering.svg",
                "multiqc/multiqc_plots/svg/fastp-seq-content-n-plot_Read_1_Before_filtering.svg",
                "multiqc/multiqc_plots/svg/fastp-seq-content-n-plot_Read_2_After_filtering.svg",
                "multiqc/multiqc_plots/svg/fastp-seq-content-n-plot_Read_2_Before_filtering.svg",
                "multiqc/multiqc_plots/svg/fastp-seq-quality-plot_Read_1_After_filtering.svg",
                "multiqc/multiqc_plots/svg/fastp-seq-quality-plot_Read_1_Before_filtering.svg",
                "multiqc/multiqc_plots/svg/fastp-seq-quality-plot_Read_2_After_filtering.svg",
                "multiqc/multiqc_plots/svg/fastp-seq-quality-plot_Read_2_Before_filtering.svg",
                "multiqc/multiqc_plots/svg/fastp_filtered_reads_plot-cnt.svg",
                "multiqc/multiqc_plots/svg/fastp_filtered_reads_plot-pct.svg",
                "multiqc/multiqc_plots/svg/mosdepth-coverage-per-contig-multi-cnt.svg",
                "multiqc/multiqc_plots/svg/mosdepth-coverage-per-contig-multi-log.svg",
                "multiqc/multiqc_plots/svg/mosdepth-cumcoverage-dist-id.svg",
                "multiqc/multiqc_plots/svg/samtools-flagstat-pct-table.svg",
                "multiqc/multiqc_plots/svg/samtools-flagstat-table.svg",
                "multiqc/multiqc_report.html",
                "multiqc_mapper",
                "multiqc_mapper/unified.tsv",
                "pipeline_info",
                "pipeline_info/qc_software_mqc_versions.yml",
                "samplesheet.csv",
                "tabix",
                "tabix/Strelka_1234N_variants.vcf.gz.tbi"
            ],
            [
                "1234T.bcftools_stats.txt:md5,b12322b699d0b734ae8b9a8ca7fdc37d",
                "1234T.fastp.html:md5,6a93442ae2610813ec65eebc7388fa46",
                "1234T.fastp.json:md5,ac0832c48bc239c49119993ca603224a",
                "1234T.fastp.log:md5,9fede5d94f38517eb4906519843208ff",
                "1234T.mosdepth.global.dist.txt:md5,59e9b7122f8404c99019849a8b7d3592",
                "1234T.mosdepth.summary.txt:md5,ba30a062c6335bbe0a23bae66aa5dc69",
                "1234T.stats:md5,7f3d034dd3e858e83012e562b1423bb6",
                "SAMPLE1_PE.bcftools_stats.txt:md5,b12322b699d0b734ae8b9a8ca7fdc37d",
                "SAMPLE1_PE.fastp.html:md5,eb1acbd156418008eb53352c614df42a",
                "SAMPLE1_PE.fastp.json:md5,e746346041fd61d27a0341f1fe72126a",
                "SAMPLE1_PE.fastp.log:md5,5aef9831db3926b0e7ea69e65949514c",
                "SAMPLE1_PE.mosdepth.global.dist.txt:md5,59e9b7122f8404c99019849a8b7d3592",
                "SAMPLE1_PE.mosdepth.summary.txt:md5,ba30a062c6335bbe0a23bae66aa5dc69",
                "SAMPLE1_PE.stats:md5,7f3d034dd3e858e83012e562b1423bb6",
                "SAMPLE3_SE.fastp.html:md5,d05b85ebc8c912edfcb782d2e8fc325e",
                "SAMPLE3_SE.fastp.json:md5,5e8cb7f3a94e9f10d45c20e23f9c2cf5",
                "SAMPLE3_SE.fastp.log:md5,16a4ff0c057778fb79d7d3504397fe8a",
                "bcftools-stats-subtypes.txt:md5,64f9699a5d1e96a50deb315836e98abb",
                "bcftools_stats_indel-lengths.txt:md5,0e705bec045e8d44144200320657865f",
                "bcftools_stats_vqc_Count_Indels.txt:md5,e34e76350683f5b671513e333317bb8f",
                "bcftools_stats_vqc_Count_SNP.txt:md5,b3ff7234387a4c54fa897fd6fda8c0e1",
                "bcftools_stats_vqc_Count_Transitions.txt:md5,80e9a941385eda176aa1554c1701ccd8",
                "bcftools_stats_vqc_Count_Transversions.txt:md5,99ef65dc46a40844753fca38bc5c5338",
                "fastp-insert-size-plot.txt:md5,fc8dd9b28bcbc65b4cdccf235cffbd8f",
                "fastp-seq-content-gc-plot_Read_1_After_filtering.txt:md5,5ebe7632f8734620c2e1e74bbb846e1d",
                "fastp-seq-content-gc-plot_Read_1_Before_filtering.txt:md5,b3db07ee505ba06ed2fcd2b45e76c38a",
                "fastp-seq-content-gc-plot_Read_2_After_filtering.txt:md5,bf1a97660cd640d5d9aeb32a456d1c6e",
                "fastp-seq-content-gc-plot_Read_2_Before_filtering.txt:md5,9f4e5218d20c0a1c45b254645af850da",
                "fastp-seq-content-n-plot_Read_1_After_filtering.txt:md5,bbf3b61ac04cd177cef6f103a5315eda",
                "fastp-seq-content-n-plot_Read_1_Before_filtering.txt:md5,df68a4dd68ec165326e08b8cf1701e69",
                "fastp-seq-content-n-plot_Read_2_After_filtering.txt:md5,74aa0dbbf52da1a4fde90b4cf82ac8f7",
                "fastp-seq-content-n-plot_Read_2_Before_filtering.txt:md5,568d778cd09e82104d05c04d8c230b29",
                "fastp-seq-quality-plot_Read_1_After_filtering.txt:md5,cb8977e89c1e3183a578586038855b6e",
                "fastp-seq-quality-plot_Read_1_Before_filtering.txt:md5,f390b7698f564824a843761dce88a387",
                "fastp-seq-quality-plot_Read_2_After_filtering.txt:md5,6164246605f00890d74dcd38cd6cc250",
                "fastp-seq-quality-plot_Read_2_Before_filtering.txt:md5,45b5883281b13bb8ba63a1f04393489c",
                "fastp_filtered_reads_plot.txt:md5,8b3aad46923d2b436a3623d66ad419b0",
                "mosdepth-coverage-per-contig-multi.txt:md5,51e8c668568c77ac8300898f510439b1",
                "mosdepth-cumcoverage-dist-id.txt:md5,3dd0e125fab69cfe70ce07caba4958f5",
                "mosdepth_cov_dist.txt:md5,b7e2717163db4bfe92655c2bec46de78",
                "mosdepth_cumcov_dist.txt:md5,b7e2717163db4bfe92655c2bec46de78",
                "mosdepth_perchrom.txt:md5,361bf8c6b60ae1269ff2973d73e28f9e",
                "multiqc_bcftools_stats.txt:md5,6af92b67cb7e01a9efce1ab397f4db95",
                "multiqc_citations.txt:md5,d5da96c6a86029ba7123d477cac273bf",
                "multiqc_fastp.txt:md5,ded2147bff6305e390782dbab6fe8598",
                "multiqc_general_stats.txt:md5,585a17075228aa02a8103193456cc1e2",
                "multiqc_samtools_flagstat.txt:md5,96b35f119d8252b8ea6839bd24664655",
                "samtools-flagstat-pct-table.txt:md5,b8e0c582c0580b1c32fd0613a7652d2b",
                "samtools-flagstat-table.txt:md5,52be7e4e926d25dcebc547179b457de5",
                "unified.tsv:md5,dd950ee933996f4cfcadf4b4584935d5",
                "samplesheet.csv:md5,6b6380b4449a4ad318500818c07230a1",
                "Strelka_1234N_variants.vcf.gz.tbi:md5,b7c8f83b31608bc9598019837d989957"
            ]
        ],
        "timestamp": "2026-05-06T14:18:41.217128414",
        "meta": {
            "nf-test": "0.9.4",
            "nextflow": "25.10.4"
        }
    }
}