{
    "test hg38": {
        "content": [
            9,
            {
                "FASTPLONG": {
                    "fastplong": "0.3.0"
                },
                "MOSDEPTH": {
                    "mosdepth": "0.3.10"
                },
                "SAMTOOLS_FAIDX": {
                    "samtools": 1.21
                },
                "Workflow": {
                    "GHGA AQuA": "v1.0.0dev"
                }
            },
            [
                "multiqc",
                "multiqc/multiqc_data",
                "multiqc/multiqc_data/fastp_filtered_reads_plot.txt",
                "multiqc/multiqc_data/llms-full.txt",
                "multiqc/multiqc_data/mosdepth-coverage-per-contig-single.txt",
                "multiqc/multiqc_data/mosdepth-cumcoverage-dist-id.txt",
                "multiqc/multiqc_data/mosdepth_cov_dist.txt",
                "multiqc/multiqc_data/mosdepth_cumcov_dist.txt",
                "multiqc/multiqc_data/mosdepth_perchrom.txt",
                "multiqc/multiqc_data/multiqc.log",
                "multiqc/multiqc_data/multiqc.parquet",
                "multiqc/multiqc_data/multiqc_citations.txt",
                "multiqc/multiqc_data/multiqc_data.json",
                "multiqc/multiqc_data/multiqc_fastp.txt",
                "multiqc/multiqc_data/multiqc_general_stats.txt",
                "multiqc/multiqc_data/multiqc_samtools_flagstat.txt",
                "multiqc/multiqc_data/multiqc_software_versions.txt",
                "multiqc/multiqc_data/multiqc_sources.txt",
                "multiqc/multiqc_data/samtools-flagstat-pct-table.txt",
                "multiqc/multiqc_data/samtools-flagstat-table.txt",
                "multiqc/multiqc_plots",
                "multiqc/multiqc_plots/pdf",
                "multiqc/multiqc_plots/pdf/fastp_filtered_reads_plot-cnt.pdf",
                "multiqc/multiqc_plots/pdf/fastp_filtered_reads_plot-pct.pdf",
                "multiqc/multiqc_plots/pdf/mosdepth-coverage-per-contig-single-cnt.pdf",
                "multiqc/multiqc_plots/pdf/mosdepth-coverage-per-contig-single-pct.pdf",
                "multiqc/multiqc_plots/pdf/mosdepth-cumcoverage-dist-id.pdf",
                "multiqc/multiqc_plots/pdf/samtools-flagstat-pct-table.pdf",
                "multiqc/multiqc_plots/pdf/samtools-flagstat-table.pdf",
                "multiqc/multiqc_plots/png",
                "multiqc/multiqc_plots/png/fastp_filtered_reads_plot-cnt.png",
                "multiqc/multiqc_plots/png/fastp_filtered_reads_plot-pct.png",
                "multiqc/multiqc_plots/png/mosdepth-coverage-per-contig-single-cnt.png",
                "multiqc/multiqc_plots/png/mosdepth-coverage-per-contig-single-pct.png",
                "multiqc/multiqc_plots/png/mosdepth-cumcoverage-dist-id.png",
                "multiqc/multiqc_plots/png/samtools-flagstat-pct-table.png",
                "multiqc/multiqc_plots/png/samtools-flagstat-table.png",
                "multiqc/multiqc_plots/svg",
                "multiqc/multiqc_plots/svg/fastp_filtered_reads_plot-cnt.svg",
                "multiqc/multiqc_plots/svg/fastp_filtered_reads_plot-pct.svg",
                "multiqc/multiqc_plots/svg/mosdepth-coverage-per-contig-single-cnt.svg",
                "multiqc/multiqc_plots/svg/mosdepth-coverage-per-contig-single-pct.svg",
                "multiqc/multiqc_plots/svg/mosdepth-cumcoverage-dist-id.svg",
                "multiqc/multiqc_plots/svg/samtools-flagstat-pct-table.svg",
                "multiqc/multiqc_plots/svg/samtools-flagstat-table.svg",
                "multiqc/multiqc_report.html",
                "multiqc_mapper",
                "multiqc_mapper/unified.tsv",
                "pipeline_info",
                "pipeline_info/qc_software_mqc_versions.yml",
                "test_methly",
                "test_methly/mosdepth",
                "test_methly/mosdepth/test_methly.mosdepth.global.dist.txt",
                "test_methly/mosdepth/test_methly.mosdepth.summary.txt",
                "test_methly/sambamba_flagstat",
                "test_methly/sambamba_flagstat/test_methly.stats",
                "test_nanopore",
                "test_nanopore/cramino",
                "test_nanopore/cramino/test_nanopore.txt",
                "test_nanopore/mosdepth",
                "test_nanopore/mosdepth/test_nanopore.mosdepth.global.dist.txt",
                "test_nanopore/mosdepth/test_nanopore.mosdepth.summary.txt",
                "test_nanopore/sambamba_flagstat",
                "test_nanopore/sambamba_flagstat/test_nanopore.stats",
                "test_nanopore2",
                "test_nanopore2/fastplong",
                "test_nanopore2/fastplong/test_nanopore2.fastplong.html",
                "test_nanopore2/fastplong/test_nanopore2.fastplong.json",
                "test_nanopore2/fastplong/test_nanopore2.fastplong.log"
            ],
            [
                "fastp_filtered_reads_plot.txt:md5,ebde02fc104135e7126d4ed1a4848044",
                "mosdepth-coverage-per-contig-single.txt:md5,a018ce747eee2184cd6c9a058d4ace87",
                "mosdepth-cumcoverage-dist-id.txt:md5,965f45fc8c6b5c09677c3bcdefc96101",
                "mosdepth_cov_dist.txt:md5,fe9546a94f13ee6c6ee43b4052eaff2d",
                "mosdepth_cumcov_dist.txt:md5,fe9546a94f13ee6c6ee43b4052eaff2d",
                "mosdepth_perchrom.txt:md5,a018ce747eee2184cd6c9a058d4ace87",
                "multiqc_citations.txt:md5,1a4b7bba1670272e67823b3c02466656",
                "multiqc_fastp.txt:md5,4c5159da83694b8ee6092d92cd3094ce",
                "multiqc_general_stats.txt:md5,f92e0f58eb7e2c908689a3913c926dcc",
                "multiqc_samtools_flagstat.txt:md5,d2b722deaef68f5cdf102397df726ff5",
                "samtools-flagstat-pct-table.txt:md5,65f8a8b7a797404773641d999fd8e817",
                "samtools-flagstat-table.txt:md5,61d9c5f8d878b7d7746632333febdd31",
                "unified.tsv:md5,682e51f6f514088dab270705b59ab7cd",
                "test_methly.mosdepth.global.dist.txt:md5,af7333be17d309a39605ccdaad5be437",
                "test_methly.mosdepth.summary.txt:md5,b992e77cb69e853d7a00469b8ac9265f",
                "test_methly.stats:md5,023cbe46e6d6b7f76159d0385bcaf7aa",
                "test_nanopore.txt:md5,cd70521168a9acadc6f93974abeb5f83",
                "test_nanopore.mosdepth.global.dist.txt:md5,d41d8cd98f00b204e9800998ecf8427e",
                "test_nanopore.mosdepth.summary.txt:md5,323a89864de60ef874c560e926830851",
                "test_nanopore.stats:md5,a5c5f68d975054caea7f8143c44767db",
                "test_nanopore2.fastplong.html:md5,ad7a50712773b7f323e21b1fa6c626b5",
                "test_nanopore2.fastplong.json:md5,43f41c48212b7c4f6d5d86672fbec458",
                "test_nanopore2.fastplong.log:md5,bd4d73f161543d59a7278685ad60c02d"
            ]
        ],
        "timestamp": "2026-05-06T14:19:44.430782924",
        "meta": {
            "nf-test": "0.9.4",
            "nextflow": "25.10.4"
        }
    }
}