{
    "test hg38": {
        "content": [
            64,
            {
                "BCFTOOLS_STATS": {
                    "bcftools": 1.21
                },
                "FASTP": {
                    "fastp": "0.24.0"
                },
                "FASTPLONG": {
                    "fastplong": "0.3.0"
                },
                "FASTQC": {
                    "fastqc": "0.12.1"
                },
                "MOSDEPTH": {
                    "mosdepth": "0.3.10"
                },
                "NANOPLOT": {
                    "nanoplot": "1.44.1"
                },
                "PHANTOMPEAKQUALTOOLS": {
                    "phantompeakqualtools": "1.2.2"
                },
                "RSEQC_BAMSTAT": {
                    "rseqc": "5.0.2"
                },
                "SAMTOOLS_FAIDX": {
                    "samtools": 1.21
                },
                "SAMTOOLS_FASTQ": {
                    "samtools": 1.21
                },
                "SAMTOOLS_STATS": {
                    "samtools": 1.21
                },
                "SEQFU_STATS": {
                    "seqfu": "1.22.3"
                },
                "TABIX_TABIX": {
                    "tabix": 1.21
                },
                "Workflow": {
                    "GHGA AQuA": "v1.0.0dev"
                }
            },
            [
                "ERR188383",
                "ERR188383/rseqc",
                "ERR188383/samtools",
                "ERR188383/samtools/ERR188383.stats",
                "ERR188454",
                "ERR188454/rseqc",
                "ERR188454/samtools",
                "ERR188454/samtools/ERR188454.stats",
                "MCF7",
                "MCF7/fastp",
                "MCF7/fastp/MCF7.fastp.html",
                "MCF7/fastp/MCF7.fastp.json",
                "MCF7/fastp/MCF7.fastp.log",
                "MCF7/fastqc",
                "MCF7/fastqc/MCF7_fastqc.html",
                "MCF7/fastqc/MCF7_fastqc.zip",
                "MCF7/nanoplot",
                "MCF7/nanoplot/LengthvsQualityScatterPlot_dot.html",
                "MCF7/nanoplot/LengthvsQualityScatterPlot_dot.png",
                "MCF7/nanoplot/LengthvsQualityScatterPlot_kde.html",
                "MCF7/nanoplot/LengthvsQualityScatterPlot_kde.png",
                "MCF7/nanoplot/NanoPlot-report.html",
                "MCF7/nanoplot/NanoPlot_20260324_1311.log",
                "MCF7/nanoplot/NanoStats.txt",
                "MCF7/nanoplot/Non_weightedHistogramReadlength.html",
                "MCF7/nanoplot/Non_weightedHistogramReadlength.png",
                "MCF7/nanoplot/Non_weightedLogTransformed_HistogramReadlength.html",
                "MCF7/nanoplot/Non_weightedLogTransformed_HistogramReadlength.png",
                "MCF7/nanoplot/WeightedHistogramReadlength.html",
                "MCF7/nanoplot/WeightedHistogramReadlength.png",
                "MCF7/nanoplot/WeightedLogTransformed_HistogramReadlength.html",
                "MCF7/nanoplot/WeightedLogTransformed_HistogramReadlength.png",
                "MCF7/nanoplot/Yield_By_Length.html",
                "MCF7/nanoplot/Yield_By_Length.png",
                "MCF7/seqfu",
                "MCF7/seqfu/MCF7.tsv",
                "OSMOTIC_STRESS_T0_PE",
                "OSMOTIC_STRESS_T0_PE/fastp",
                "OSMOTIC_STRESS_T0_PE/fastp/OSMOTIC_STRESS_T0_PE.fastp.html",
                "OSMOTIC_STRESS_T0_PE/fastp/OSMOTIC_STRESS_T0_PE.fastp.json",
                "OSMOTIC_STRESS_T0_PE/fastp/OSMOTIC_STRESS_T0_PE.fastp.log",
                "OSMOTIC_STRESS_T0_PE/fastqc",
                "OSMOTIC_STRESS_T0_PE/fastqc/OSMOTIC_STRESS_T0_PE_1_fastqc.html",
                "OSMOTIC_STRESS_T0_PE/fastqc/OSMOTIC_STRESS_T0_PE_1_fastqc.zip",
                "OSMOTIC_STRESS_T0_PE/fastqc/OSMOTIC_STRESS_T0_PE_2_fastqc.html",
                "OSMOTIC_STRESS_T0_PE/fastqc/OSMOTIC_STRESS_T0_PE_2_fastqc.zip",
                "OSMOTIC_STRESS_T0_PE/seqfu",
                "OSMOTIC_STRESS_T0_PE/seqfu/OSMOTIC_STRESS_T0_PE.tsv",
                "OSMOTIC_STRESS_T100_SE",
                "OSMOTIC_STRESS_T100_SE/fastp",
                "OSMOTIC_STRESS_T100_SE/fastp/OSMOTIC_STRESS_T100_SE.fastp.html",
                "OSMOTIC_STRESS_T100_SE/fastp/OSMOTIC_STRESS_T100_SE.fastp.json",
                "OSMOTIC_STRESS_T100_SE/fastp/OSMOTIC_STRESS_T100_SE.fastp.log",
                "OSMOTIC_STRESS_T100_SE/fastqc",
                "OSMOTIC_STRESS_T100_SE/fastqc/OSMOTIC_STRESS_T100_SE_fastqc.html",
                "OSMOTIC_STRESS_T100_SE/fastqc/OSMOTIC_STRESS_T100_SE_fastqc.zip",
                "OSMOTIC_STRESS_T100_SE/seqfu",
                "OSMOTIC_STRESS_T100_SE/seqfu/OSMOTIC_STRESS_T100_SE.tsv",
                "SRR389222_sub1",
                "SRR389222_sub1/fastp",
                "SRR389222_sub1/fastp/SRR389222_sub1.fastp.html",
                "SRR389222_sub1/fastp/SRR389222_sub1.fastp.json",
                "SRR389222_sub1/fastp/SRR389222_sub1.fastp.log",
                "SRR389222_sub1/fastqc",
                "SRR389222_sub1/fastqc/SRR389222_sub1_fastqc.html",
                "SRR389222_sub1/fastqc/SRR389222_sub1_fastqc.zip",
                "SRR389222_sub1/seqfu",
                "SRR389222_sub1/seqfu/SRR389222_sub1.tsv",
                "SRR389222_sub2",
                "SRR389222_sub2/fastp",
                "SRR389222_sub2/fastp/SRR389222_sub2.fastp.html",
                "SRR389222_sub2/fastp/SRR389222_sub2.fastp.json",
                "SRR389222_sub2/fastp/SRR389222_sub2.fastp.log",
                "SRR389222_sub2/fastqc",
                "SRR389222_sub2/fastqc/SRR389222_sub2_fastqc.html",
                "SRR389222_sub2/fastqc/SRR389222_sub2_fastqc.zip",
                "SRR389222_sub2/seqfu",
                "SRR389222_sub2/seqfu/SRR389222_sub2.tsv",
                "WES_LL_N_2",
                "WES_LL_N_2/mosdepth",
                "WES_LL_N_2/mosdepth/WES_LL_N_2.mosdepth.global.dist.txt",
                "WES_LL_N_2/mosdepth/WES_LL_N_2.mosdepth.summary.txt",
                "WES_LL_N_2/phantompeakqualtools",
                "WES_LL_N_2/phantompeakqualtools/WES_LL_N_2.spp.out",
                "WES_LL_N_2/phantompeakqualtools/WES_LL_N_2.spp.pdf",
                "WES_LL_N_2/samtools",
                "WES_LL_N_2/samtools/WES_LL_N_2.stats",
                "WES_LL_N_3",
                "WES_LL_N_3/ataqv",
                "WES_LL_N_3/ataqv/WES_LL_N_3.ataqv.json",
                "WES_LL_N_3/mosdepth",
                "WES_LL_N_3/mosdepth/WES_LL_N_3.mosdepth.global.dist.txt",
                "WES_LL_N_3/mosdepth/WES_LL_N_3.mosdepth.summary.txt",
                "WES_LL_N_3/samtools",
                "WES_LL_N_3/samtools/WES_LL_N_3.stats",
                "WES_LL_T_2",
                "WES_LL_T_2/mosdepth",
                "WES_LL_T_2/mosdepth/WES_LL_T_2.mosdepth.global.dist.txt",
                "WES_LL_T_2/mosdepth/WES_LL_T_2.mosdepth.summary.txt",
                "WES_LL_T_2/phantompeakqualtools",
                "WES_LL_T_2/phantompeakqualtools/WES_LL_T_2.spp.out",
                "WES_LL_T_2/phantompeakqualtools/WES_LL_T_2.spp.pdf",
                "WES_LL_T_2/samtools",
                "WES_LL_T_2/samtools/WES_LL_T_2.stats",
                "WES_LL_T_3",
                "WES_LL_T_3/ataqv",
                "WES_LL_T_3/ataqv/WES_LL_T_3.ataqv.json",
                "WES_LL_T_3/mosdepth",
                "WES_LL_T_3/mosdepth/WES_LL_T_3.mosdepth.global.dist.txt",
                "WES_LL_T_3/mosdepth/WES_LL_T_3.mosdepth.summary.txt",
                "WES_LL_T_3/samtools",
                "WES_LL_T_3/samtools/WES_LL_T_3.stats",
                "ccs_bam",
                "ccs_bam/cramino",
                "ccs_bam/cramino/ccs_bam.txt",
                "ccs_bam/fastplong",
                "ccs_bam/fastplong/ccs_bam.fastplong.html",
                "ccs_bam/fastplong/ccs_bam.fastplong.json",
                "ccs_bam/fastplong/ccs_bam.fastplong.log",
                "ccs_bam/mosdepth",
                "ccs_bam/mosdepth/ccs_bam.mosdepth.global.dist.txt",
                "ccs_bam/mosdepth/ccs_bam.mosdepth.summary.txt",
                "ccs_bam/samtools",
                "ccs_bam/samtools/ccs_bam.stats",
                "ccs_fastq",
                "ccs_fastq/fastplong",
                "ccs_fastq/fastplong/ccs_fastq.fastplong.html",
                "ccs_fastq/fastplong/ccs_fastq.fastplong.json",
                "ccs_fastq/fastplong/ccs_fastq.fastplong.log",
                "ccs_fastq/fastqc",
                "ccs_fastq/fastqc/ccs_fastq_fastqc.html",
                "ccs_fastq/fastqc/ccs_fastq_fastqc.zip",
                "ccs_fastq/nanoplot",
                "ccs_fastq/nanoplot/LengthvsQualityScatterPlot_dot.html",
                "ccs_fastq/nanoplot/LengthvsQualityScatterPlot_dot.png",
                "ccs_fastq/nanoplot/LengthvsQualityScatterPlot_kde.html",
                "ccs_fastq/nanoplot/LengthvsQualityScatterPlot_kde.png",
                "ccs_fastq/nanoplot/NanoPlot-report.html",
                "ccs_fastq/nanoplot/NanoPlot_20260324_1311.log",
                "ccs_fastq/nanoplot/NanoStats.txt",
                "ccs_fastq/nanoplot/Non_weightedHistogramReadlength.html",
                "ccs_fastq/nanoplot/Non_weightedHistogramReadlength.png",
                "ccs_fastq/nanoplot/Non_weightedLogTransformed_HistogramReadlength.html",
                "ccs_fastq/nanoplot/Non_weightedLogTransformed_HistogramReadlength.png",
                "ccs_fastq/nanoplot/WeightedHistogramReadlength.html",
                "ccs_fastq/nanoplot/WeightedHistogramReadlength.png",
                "ccs_fastq/nanoplot/WeightedLogTransformed_HistogramReadlength.html",
                "ccs_fastq/nanoplot/WeightedLogTransformed_HistogramReadlength.png",
                "ccs_fastq/nanoplot/Yield_By_Length.html",
                "ccs_fastq/nanoplot/Yield_By_Length.png",
                "ccs_hifi",
                "ccs_hifi/fastplong",
                "ccs_hifi/fastplong/ccs_hifi.fastplong.html",
                "ccs_hifi/fastplong/ccs_hifi.fastplong.json",
                "ccs_hifi/fastplong/ccs_hifi.fastplong.log",
                "ccs_hifi/fastqc",
                "ccs_hifi/fastqc/ccs_hifi_fastqc.html",
                "ccs_hifi/fastqc/ccs_hifi_fastqc.zip",
                "ccs_hifi/nanoplot",
                "ccs_hifi/nanoplot/LengthvsQualityScatterPlot_dot.html",
                "ccs_hifi/nanoplot/LengthvsQualityScatterPlot_dot.png",
                "ccs_hifi/nanoplot/LengthvsQualityScatterPlot_kde.html",
                "ccs_hifi/nanoplot/LengthvsQualityScatterPlot_kde.png",
                "ccs_hifi/nanoplot/NanoPlot-report.html",
                "ccs_hifi/nanoplot/NanoPlot_20260324_1311.log",
                "ccs_hifi/nanoplot/NanoStats.txt",
                "ccs_hifi/nanoplot/Non_weightedHistogramReadlength.html",
                "ccs_hifi/nanoplot/Non_weightedHistogramReadlength.png",
                "ccs_hifi/nanoplot/Non_weightedLogTransformed_HistogramReadlength.html",
                "ccs_hifi/nanoplot/Non_weightedLogTransformed_HistogramReadlength.png",
                "ccs_hifi/nanoplot/WeightedHistogramReadlength.html",
                "ccs_hifi/nanoplot/WeightedHistogramReadlength.png",
                "ccs_hifi/nanoplot/WeightedLogTransformed_HistogramReadlength.html",
                "ccs_hifi/nanoplot/WeightedLogTransformed_HistogramReadlength.png",
                "ccs_hifi/nanoplot/Yield_By_Length.html",
                "ccs_hifi/nanoplot/Yield_By_Length.png",
                "ccs_unaligned",
                "ccs_unaligned/cramino",
                "ccs_unaligned/cramino/ccs_unaligned.txt",
                "ccs_unaligned/fastplong",
                "ccs_unaligned/fastplong/ccs_unaligned.fastplong.html",
                "ccs_unaligned/fastplong/ccs_unaligned.fastplong.json",
                "ccs_unaligned/fastplong/ccs_unaligned.fastplong.log",
                "ccs_unaligned/mosdepth",
                "ccs_unaligned/mosdepth/ccs_unaligned.mosdepth.global.dist.txt",
                "ccs_unaligned/mosdepth/ccs_unaligned.mosdepth.summary.txt",
                "ccs_unaligned/samtools",
                "ccs_unaligned/samtools/ccs_unaligned.stats",
                "multiqc",
                "multiqc/multiqc_data",
                "multiqc/multiqc_data/ataqv_chrom_dist_Percentages.txt",
                "multiqc/multiqc_data/ataqv_chrom_dist_Reads.txt",
                "multiqc/multiqc_data/ataqv_fld_plot_Percentage.txt",
                "multiqc/multiqc_data/ataqv_fld_plot_Read_Count.txt",
                "multiqc/multiqc_data/ataqv_mapq_dist.txt",
                "multiqc/multiqc_data/bcftools-stats-subtypes.txt",
                "multiqc/multiqc_data/bcftools_stats_indel-lengths.txt",
                "multiqc/multiqc_data/bcftools_stats_variant_depths.txt",
                "multiqc/multiqc_data/bcftools_stats_vqc_Count_Indels.txt",
                "multiqc/multiqc_data/bcftools_stats_vqc_Count_SNP.txt",
                "multiqc/multiqc_data/bcftools_stats_vqc_Count_Transitions.txt",
                "multiqc/multiqc_data/bcftools_stats_vqc_Count_Transversions.txt",
                "multiqc/multiqc_data/fastp-insert-size-plot.txt",
                "multiqc/multiqc_data/fastp-seq-content-gc-plot_Read_1_After_filtering.txt",
                "multiqc/multiqc_data/fastp-seq-content-gc-plot_Read_1_Before_filtering.txt",
                "multiqc/multiqc_data/fastp-seq-content-gc-plot_Read_2_After_filtering.txt",
                "multiqc/multiqc_data/fastp-seq-content-gc-plot_Read_2_Before_filtering.txt",
                "multiqc/multiqc_data/fastp-seq-content-n-plot_Read_1_After_filtering.txt",
                "multiqc/multiqc_data/fastp-seq-content-n-plot_Read_1_Before_filtering.txt",
                "multiqc/multiqc_data/fastp-seq-content-n-plot_Read_2_After_filtering.txt",
                "multiqc/multiqc_data/fastp-seq-content-n-plot_Read_2_Before_filtering.txt",
                "multiqc/multiqc_data/fastp-seq-quality-plot_Read_1_After_filtering.txt",
                "multiqc/multiqc_data/fastp-seq-quality-plot_Read_1_Before_filtering.txt",
                "multiqc/multiqc_data/fastp-seq-quality-plot_Read_2_After_filtering.txt",
                "multiqc/multiqc_data/fastp-seq-quality-plot_Read_2_Before_filtering.txt",
                "multiqc/multiqc_data/fastp_filtered_reads_plot.txt",
                "multiqc/multiqc_data/llms-full.txt",
                "multiqc/multiqc_data/mosdepth-coverage-per-contig-multi.txt",
                "multiqc/multiqc_data/mosdepth-cumcoverage-dist-id.txt",
                "multiqc/multiqc_data/mosdepth_cov_dist.txt",
                "multiqc/multiqc_data/mosdepth_cumcov_dist.txt",
                "multiqc/multiqc_data/mosdepth_perchrom.txt",
                "multiqc/multiqc_data/multiqc.log",
                "multiqc/multiqc_data/multiqc.parquet",
                "multiqc/multiqc_data/multiqc_ataqv.txt",
                "multiqc/multiqc_data/multiqc_bcftools_stats.txt",
                "multiqc/multiqc_data/multiqc_citations.txt",
                "multiqc/multiqc_data/multiqc_data.json",
                "multiqc/multiqc_data/multiqc_fastp.txt",
                "multiqc/multiqc_data/multiqc_general_stats.txt",
                "multiqc/multiqc_data/multiqc_rseqc_bam_stat.txt",
                "multiqc/multiqc_data/multiqc_samtools_stats.txt",
                "multiqc/multiqc_data/multiqc_software_versions.txt",
                "multiqc/multiqc_data/multiqc_sources.txt",
                "multiqc/multiqc_data/rseqc_bam_stat.txt",
                "multiqc/multiqc_data/samtools-stats-dp.txt",
                "multiqc/multiqc_data/samtools_alignment_plot.txt",
                "multiqc/multiqc_plots",
                "multiqc/multiqc_plots/pdf",
                "multiqc/multiqc_plots/pdf/ataqv_chrom_dist_Percentages.pdf",
                "multiqc/multiqc_plots/pdf/ataqv_chrom_dist_Reads.pdf",
                "multiqc/multiqc_plots/pdf/ataqv_fld_plot_Percentage-cnt.pdf",
                "multiqc/multiqc_plots/pdf/ataqv_fld_plot_Percentage-log.pdf",
                "multiqc/multiqc_plots/pdf/ataqv_fld_plot_Read_Count-cnt.pdf",
                "multiqc/multiqc_plots/pdf/ataqv_fld_plot_Read_Count-log.pdf",
                "multiqc/multiqc_plots/pdf/ataqv_mapq_dist-cnt.pdf",
                "multiqc/multiqc_plots/pdf/ataqv_mapq_dist-log.pdf",
                "multiqc/multiqc_plots/pdf/bcftools-stats-subtypes-cnt.pdf",
                "multiqc/multiqc_plots/pdf/bcftools-stats-subtypes-pct.pdf",
                "multiqc/multiqc_plots/pdf/bcftools_stats_indel-lengths-cnt.pdf",
                "multiqc/multiqc_plots/pdf/bcftools_stats_indel-lengths-log.pdf",
                "multiqc/multiqc_plots/pdf/bcftools_stats_variant_depths.pdf",
                "multiqc/multiqc_plots/pdf/bcftools_stats_vqc_Count_Indels.pdf",
                "multiqc/multiqc_plots/pdf/bcftools_stats_vqc_Count_SNP.pdf",
                "multiqc/multiqc_plots/pdf/bcftools_stats_vqc_Count_Transitions.pdf",
                "multiqc/multiqc_plots/pdf/bcftools_stats_vqc_Count_Transversions.pdf",
                "multiqc/multiqc_plots/pdf/fastp-insert-size-plot.pdf",
                "multiqc/multiqc_plots/pdf/fastp-seq-content-gc-plot_Read_1_After_filtering.pdf",
                "multiqc/multiqc_plots/pdf/fastp-seq-content-gc-plot_Read_1_Before_filtering.pdf",
                "multiqc/multiqc_plots/pdf/fastp-seq-content-gc-plot_Read_2_After_filtering.pdf",
                "multiqc/multiqc_plots/pdf/fastp-seq-content-gc-plot_Read_2_Before_filtering.pdf",
                "multiqc/multiqc_plots/pdf/fastp-seq-content-n-plot_Read_1_After_filtering.pdf",
                "multiqc/multiqc_plots/pdf/fastp-seq-content-n-plot_Read_1_Before_filtering.pdf",
                "multiqc/multiqc_plots/pdf/fastp-seq-content-n-plot_Read_2_After_filtering.pdf",
                "multiqc/multiqc_plots/pdf/fastp-seq-content-n-plot_Read_2_Before_filtering.pdf",
                "multiqc/multiqc_plots/pdf/fastp-seq-quality-plot_Read_1_After_filtering.pdf",
                "multiqc/multiqc_plots/pdf/fastp-seq-quality-plot_Read_1_Before_filtering.pdf",
                "multiqc/multiqc_plots/pdf/fastp-seq-quality-plot_Read_2_After_filtering.pdf",
                "multiqc/multiqc_plots/pdf/fastp-seq-quality-plot_Read_2_Before_filtering.pdf",
                "multiqc/multiqc_plots/pdf/fastp_filtered_reads_plot-cnt.pdf",
                "multiqc/multiqc_plots/pdf/fastp_filtered_reads_plot-pct.pdf",
                "multiqc/multiqc_plots/pdf/mosdepth-coverage-per-contig-multi-cnt.pdf",
                "multiqc/multiqc_plots/pdf/mosdepth-coverage-per-contig-multi-log.pdf",
                "multiqc/multiqc_plots/pdf/mosdepth-cumcoverage-dist-id.pdf",
                "multiqc/multiqc_plots/pdf/rseqc_bam_stat.pdf",
                "multiqc/multiqc_plots/pdf/samtools-stats-dp.pdf",
                "multiqc/multiqc_plots/pdf/samtools_alignment_plot-cnt.pdf",
                "multiqc/multiqc_plots/pdf/samtools_alignment_plot-pct.pdf",
                "multiqc/multiqc_plots/png",
                "multiqc/multiqc_plots/png/ataqv_chrom_dist_Percentages.png",
                "multiqc/multiqc_plots/png/ataqv_chrom_dist_Reads.png",
                "multiqc/multiqc_plots/png/ataqv_fld_plot_Percentage-cnt.png",
                "multiqc/multiqc_plots/png/ataqv_fld_plot_Percentage-log.png",
                "multiqc/multiqc_plots/png/ataqv_fld_plot_Read_Count-cnt.png",
                "multiqc/multiqc_plots/png/ataqv_fld_plot_Read_Count-log.png",
                "multiqc/multiqc_plots/png/ataqv_mapq_dist-cnt.png",
                "multiqc/multiqc_plots/png/ataqv_mapq_dist-log.png",
                "multiqc/multiqc_plots/png/bcftools-stats-subtypes-cnt.png",
                "multiqc/multiqc_plots/png/bcftools-stats-subtypes-pct.png",
                "multiqc/multiqc_plots/png/bcftools_stats_indel-lengths-cnt.png",
                "multiqc/multiqc_plots/png/bcftools_stats_indel-lengths-log.png",
                "multiqc/multiqc_plots/png/bcftools_stats_variant_depths.png",
                "multiqc/multiqc_plots/png/bcftools_stats_vqc_Count_Indels.png",
                "multiqc/multiqc_plots/png/bcftools_stats_vqc_Count_SNP.png",
                "multiqc/multiqc_plots/png/bcftools_stats_vqc_Count_Transitions.png",
                "multiqc/multiqc_plots/png/bcftools_stats_vqc_Count_Transversions.png",
                "multiqc/multiqc_plots/png/fastp-insert-size-plot.png",
                "multiqc/multiqc_plots/png/fastp-seq-content-gc-plot_Read_1_After_filtering.png",
                "multiqc/multiqc_plots/png/fastp-seq-content-gc-plot_Read_1_Before_filtering.png",
                "multiqc/multiqc_plots/png/fastp-seq-content-gc-plot_Read_2_After_filtering.png",
                "multiqc/multiqc_plots/png/fastp-seq-content-gc-plot_Read_2_Before_filtering.png",
                "multiqc/multiqc_plots/png/fastp-seq-content-n-plot_Read_1_After_filtering.png",
                "multiqc/multiqc_plots/png/fastp-seq-content-n-plot_Read_1_Before_filtering.png",
                "multiqc/multiqc_plots/png/fastp-seq-content-n-plot_Read_2_After_filtering.png",
                "multiqc/multiqc_plots/png/fastp-seq-content-n-plot_Read_2_Before_filtering.png",
                "multiqc/multiqc_plots/png/fastp-seq-quality-plot_Read_1_After_filtering.png",
                "multiqc/multiqc_plots/png/fastp-seq-quality-plot_Read_1_Before_filtering.png",
                "multiqc/multiqc_plots/png/fastp-seq-quality-plot_Read_2_After_filtering.png",
                "multiqc/multiqc_plots/png/fastp-seq-quality-plot_Read_2_Before_filtering.png",
                "multiqc/multiqc_plots/png/fastp_filtered_reads_plot-cnt.png",
                "multiqc/multiqc_plots/png/fastp_filtered_reads_plot-pct.png",
                "multiqc/multiqc_plots/png/mosdepth-coverage-per-contig-multi-cnt.png",
                "multiqc/multiqc_plots/png/mosdepth-coverage-per-contig-multi-log.png",
                "multiqc/multiqc_plots/png/mosdepth-cumcoverage-dist-id.png",
                "multiqc/multiqc_plots/png/rseqc_bam_stat.png",
                "multiqc/multiqc_plots/png/samtools-stats-dp.png",
                "multiqc/multiqc_plots/png/samtools_alignment_plot-cnt.png",
                "multiqc/multiqc_plots/png/samtools_alignment_plot-pct.png",
                "multiqc/multiqc_plots/svg",
                "multiqc/multiqc_plots/svg/ataqv_chrom_dist_Percentages.svg",
                "multiqc/multiqc_plots/svg/ataqv_chrom_dist_Reads.svg",
                "multiqc/multiqc_plots/svg/ataqv_fld_plot_Percentage-cnt.svg",
                "multiqc/multiqc_plots/svg/ataqv_fld_plot_Percentage-log.svg",
                "multiqc/multiqc_plots/svg/ataqv_fld_plot_Read_Count-cnt.svg",
                "multiqc/multiqc_plots/svg/ataqv_fld_plot_Read_Count-log.svg",
                "multiqc/multiqc_plots/svg/ataqv_mapq_dist-cnt.svg",
                "multiqc/multiqc_plots/svg/ataqv_mapq_dist-log.svg",
                "multiqc/multiqc_plots/svg/bcftools-stats-subtypes-cnt.svg",
                "multiqc/multiqc_plots/svg/bcftools-stats-subtypes-pct.svg",
                "multiqc/multiqc_plots/svg/bcftools_stats_indel-lengths-cnt.svg",
                "multiqc/multiqc_plots/svg/bcftools_stats_indel-lengths-log.svg",
                "multiqc/multiqc_plots/svg/bcftools_stats_variant_depths.svg",
                "multiqc/multiqc_plots/svg/bcftools_stats_vqc_Count_Indels.svg",
                "multiqc/multiqc_plots/svg/bcftools_stats_vqc_Count_SNP.svg",
                "multiqc/multiqc_plots/svg/bcftools_stats_vqc_Count_Transitions.svg",
                "multiqc/multiqc_plots/svg/bcftools_stats_vqc_Count_Transversions.svg",
                "multiqc/multiqc_plots/svg/fastp-insert-size-plot.svg",
                "multiqc/multiqc_plots/svg/fastp-seq-content-gc-plot_Read_1_After_filtering.svg",
                "multiqc/multiqc_plots/svg/fastp-seq-content-gc-plot_Read_1_Before_filtering.svg",
                "multiqc/multiqc_plots/svg/fastp-seq-content-gc-plot_Read_2_After_filtering.svg",
                "multiqc/multiqc_plots/svg/fastp-seq-content-gc-plot_Read_2_Before_filtering.svg",
                "multiqc/multiqc_plots/svg/fastp-seq-content-n-plot_Read_1_After_filtering.svg",
                "multiqc/multiqc_plots/svg/fastp-seq-content-n-plot_Read_1_Before_filtering.svg",
                "multiqc/multiqc_plots/svg/fastp-seq-content-n-plot_Read_2_After_filtering.svg",
                "multiqc/multiqc_plots/svg/fastp-seq-content-n-plot_Read_2_Before_filtering.svg",
                "multiqc/multiqc_plots/svg/fastp-seq-quality-plot_Read_1_After_filtering.svg",
                "multiqc/multiqc_plots/svg/fastp-seq-quality-plot_Read_1_Before_filtering.svg",
                "multiqc/multiqc_plots/svg/fastp-seq-quality-plot_Read_2_After_filtering.svg",
                "multiqc/multiqc_plots/svg/fastp-seq-quality-plot_Read_2_Before_filtering.svg",
                "multiqc/multiqc_plots/svg/fastp_filtered_reads_plot-cnt.svg",
                "multiqc/multiqc_plots/svg/fastp_filtered_reads_plot-pct.svg",
                "multiqc/multiqc_plots/svg/mosdepth-coverage-per-contig-multi-cnt.svg",
                "multiqc/multiqc_plots/svg/mosdepth-coverage-per-contig-multi-log.svg",
                "multiqc/multiqc_plots/svg/mosdepth-cumcoverage-dist-id.svg",
                "multiqc/multiqc_plots/svg/rseqc_bam_stat.svg",
                "multiqc/multiqc_plots/svg/samtools-stats-dp.svg",
                "multiqc/multiqc_plots/svg/samtools_alignment_plot-cnt.svg",
                "multiqc/multiqc_plots/svg/samtools_alignment_plot-pct.svg",
                "multiqc/multiqc_report.html",
                "multiqc_mapper",
                "multiqc_mapper/unified.tsv",
                "pipeline_info",
                "pipeline_info/qc_software_mqc_versions.yml",
                "samtools",
                "samtools/ccs_bam_1.fastq.gz",
                "samtools/ccs_bam_other.fastq.gz",
                "samtools/ccs_bam_singleton.fastq.gz",
                "samtools/ccs_unaligned_1.fastq.gz",
                "samtools/ccs_unaligned_other.fastq.gz",
                "samtools/ccs_unaligned_singleton.fastq.gz",
                "tabix",
                "tabix/test_rna.vcf.gz",
                "test_rna",
                "test_rna/bcftools",
                "test_rna/bcftools/test_rna.bcftools_stats.txt",
                "test_rna/fastp",
                "test_rna/fastp/test_rna.fastp.html",
                "test_rna/fastp/test_rna.fastp.json",
                "test_rna/fastp/test_rna.fastp.log",
                "test_rna/fastqc",
                "test_rna/fastqc/test_rna_1_fastqc.html",
                "test_rna/fastqc/test_rna_1_fastqc.zip",
                "test_rna/fastqc/test_rna_2_fastqc.html",
                "test_rna/fastqc/test_rna_2_fastqc.zip",
                "test_rna/seqfu",
                "test_rna/seqfu/test_rna.tsv"
            ],
            [
                "ERR188383.stats:md5,b7f15b5cf1c16ead68ce0b69108ead62",
                "ERR188454.stats:md5,b6bdd7301b388386b020cb7c90d74af5",
                "MCF7.fastp.html:md5,089007ea94c81cefadc9d763f0070f84",
                "MCF7.fastp.json:md5,8f1b4ea09775c81ef2f20298e81dc394",
                "MCF7.fastp.log:md5,5566d71f66a50c91a327ed533defd5d8",
                "MCF7_fastqc.html:md5,ffc52bca7e2ae177e630981b27331b37",
                "MCF7_fastqc.zip:md5,3d1d548e9a363236802f7929b92e11f5",
                "LengthvsQualityScatterPlot_dot.html:md5,10fc0f189ce46096d9c42ecbfb742d92",
                "LengthvsQualityScatterPlot_dot.png:md5,d6ad97a364e22a166ab62322bbc78be2",
                "LengthvsQualityScatterPlot_kde.html:md5,e9eecfcb4b9fd8f5fdc15982b6441e53",
                "LengthvsQualityScatterPlot_kde.png:md5,eaee7c9ef97656d67a8443d78c0df806",
                "NanoPlot-report.html:md5,18f64a5103a27cce693a22db08644030",
                "NanoStats.txt:md5,2be0b9d5d99a0fd93c7ead6c2909a6a1",
                "Non_weightedHistogramReadlength.html:md5,070ab07e28638699731f91450130814b",
                "Non_weightedHistogramReadlength.png:md5,600045bcbe30d711ec1f6fc35e121c14",
                "Non_weightedLogTransformed_HistogramReadlength.html:md5,a233d3fc3c257983167ae584be890c9b",
                "Non_weightedLogTransformed_HistogramReadlength.png:md5,67727a3530ce46464006b93a8f9d4aa8",
                "WeightedHistogramReadlength.html:md5,4ee992249b0795a10dd76e8e0dc743f6",
                "WeightedHistogramReadlength.png:md5,6e04a793741418c36406926a88983858",
                "WeightedLogTransformed_HistogramReadlength.html:md5,b9248d51805207cea35c03e27bcc2956",
                "WeightedLogTransformed_HistogramReadlength.png:md5,bf86f0dc81dc37067099cfd567927ba6",
                "Yield_By_Length.html:md5,47a1450eeb2586eb26aa8e8d9381f56f",
                "Yield_By_Length.png:md5,30d87ae587f5bb84aedcddf2a3e040e3",
                "MCF7.tsv:md5,84206d017566cac04cf95672a4249d5e",
                "OSMOTIC_STRESS_T0_PE.fastp.html:md5,7b8653b273756511ca41d8d590823d38",
                "OSMOTIC_STRESS_T0_PE.fastp.json:md5,99e7feeb3baa72e9a2d55612c224bec1",
                "OSMOTIC_STRESS_T0_PE.fastp.log:md5,a0f6eb36b526afc2e24d4b8127b374df",
                "OSMOTIC_STRESS_T0_PE_1_fastqc.html:md5,3cd059d73a5b419f18734c89559ccfc7",
                "OSMOTIC_STRESS_T0_PE_1_fastqc.zip:md5,9b463e6f172ce1ea4f64f423d3fe9438",
                "OSMOTIC_STRESS_T0_PE_2_fastqc.html:md5,9b541434c2e05c5b058836db077dd1fb",
                "OSMOTIC_STRESS_T0_PE_2_fastqc.zip:md5,be393a2ee24f50575098d5f450ae5af9",
                "OSMOTIC_STRESS_T0_PE.tsv:md5,cc96d9fcabb9c1f4131b92bd49dbda95",
                "OSMOTIC_STRESS_T100_SE.fastp.html:md5,365a11a65cf06c2a974a47ae5ac464f8",
                "OSMOTIC_STRESS_T100_SE.fastp.json:md5,159fb17ca79726fa4abbd431c8cac5df",
                "OSMOTIC_STRESS_T100_SE.fastp.log:md5,d92140e7b7ac3836ed60bf0e3298ff44",
                "OSMOTIC_STRESS_T100_SE_fastqc.html:md5,227254df1285017d84571a6121c4924c",
                "OSMOTIC_STRESS_T100_SE_fastqc.zip:md5,c5519ad468850c510e991c497234c952",
                "OSMOTIC_STRESS_T100_SE.tsv:md5,5aeb940c07ac7f9c993c61ebd79a1436",
                "SRR389222_sub1.fastp.html:md5,5498e956692bc964e6152aa7b1ec18d7",
                "SRR389222_sub1.fastp.json:md5,80c1439ba34a4b30e3342fe5d7db8370",
                "SRR389222_sub1.fastp.log:md5,3254fd513aeb959272d4576aedcfddac",
                "SRR389222_sub1_fastqc.html:md5,e457537a11e2b3c9fedd87745293f04e",
                "SRR389222_sub1_fastqc.zip:md5,3f89eaa1c25e40d4ea33a02d55f8e188",
                "SRR389222_sub1.tsv:md5,fffd66c674a8e0c2c1c9a0e0293012ad",
                "SRR389222_sub2.fastp.html:md5,fa0fa9ff0600363080e01cc861c2cba3",
                "SRR389222_sub2.fastp.json:md5,78f1254c446a78bb665204f1c62f7432",
                "SRR389222_sub2.fastp.log:md5,468d399af9b8581fd334d2ee31d5e464",
                "SRR389222_sub2_fastqc.html:md5,da9c38b71ed2dfbb199ab7da405c7186",
                "SRR389222_sub2_fastqc.zip:md5,6f917009408367a5b3a69e8fe68637c0",
                "SRR389222_sub2.tsv:md5,59e30562eb2e9ee6267f315ba64b8685",
                "WES_LL_N_2.mosdepth.global.dist.txt:md5,994eb8d102d78c8f5e4e01ed14641c42",
                "WES_LL_N_2.mosdepth.summary.txt:md5,aab8fcf098ead2d188d94742873956c8",
                "WES_LL_N_2.spp.out:md5,6bc14233c284b96f028b3b3c77d6f51b",
                "WES_LL_N_2.spp.pdf:md5,c956cdf37d1f9784096deeef6597a4ca",
                "WES_LL_N_2.stats:md5,70517520b40d4f41c46cd6c4e19da805",
                "WES_LL_N_3.ataqv.json:md5,4c449f05c3364e5e4d56e6100a8d0b1b",
                "WES_LL_N_3.mosdepth.global.dist.txt:md5,994eb8d102d78c8f5e4e01ed14641c42",
                "WES_LL_N_3.mosdepth.summary.txt:md5,aab8fcf098ead2d188d94742873956c8",
                "WES_LL_N_3.stats:md5,70517520b40d4f41c46cd6c4e19da805",
                "WES_LL_T_2.mosdepth.global.dist.txt:md5,994eb8d102d78c8f5e4e01ed14641c42",
                "WES_LL_T_2.mosdepth.summary.txt:md5,e914878223992183c9486c8e8563a33d",
                "WES_LL_T_2.spp.out:md5,e087c48c9649c870861b65fbb536eb7f",
                "WES_LL_T_2.spp.pdf:md5,a533f967e1e5c355226b5a1ade057d51",
                "WES_LL_T_2.stats:md5,527923ea2e4cec038628613a300d898a",
                "WES_LL_T_3.ataqv.json:md5,0a454df49c787cb4fc32692cf2b8e13b",
                "WES_LL_T_3.mosdepth.global.dist.txt:md5,994eb8d102d78c8f5e4e01ed14641c42",
                "WES_LL_T_3.mosdepth.summary.txt:md5,e914878223992183c9486c8e8563a33d",
                "WES_LL_T_3.stats:md5,527923ea2e4cec038628613a300d898a",
                "ccs_bam.txt:md5,1fd896ce17a5061bf5177b4a545b8ed5",
                "ccs_bam.fastplong.html:md5,c6fa56e90111245cbfe35f6f970ba652",
                "ccs_bam.fastplong.json:md5,01825bbcaa5bbc67b552ae04ba624419",
                "ccs_bam.fastplong.log:md5,49c02fd997a57ea90cd16e5b2c1cd0bf",
                "ccs_bam.mosdepth.global.dist.txt:md5,c9cffafd365a9cdd8bd7494305a82a22",
                "ccs_bam.mosdepth.summary.txt:md5,9c8741ae7719cd51cc8fbe6296b2eb39",
                "ccs_bam.stats:md5,ff03957dd6aea386f4e2885cca87ac1a",
                "ccs_fastq.fastplong.html:md5,e3c63b073e684803cab21a6f7009b533",
                "ccs_fastq.fastplong.json:md5,78ad7d563bad646a3811c4d9a393e6e4",
                "ccs_fastq.fastplong.log:md5,f665239e87bce84d41cfa7712de72a18",
                "ccs_fastq_fastqc.html:md5,517dd29781769a7c0aea37041b71ea4d",
                "ccs_fastq_fastqc.zip:md5,2b012de1abc893eb8e6e250863eab027",
                "LengthvsQualityScatterPlot_dot.html:md5,0e55177ab6903b0b650d938d3ef17164",
                "LengthvsQualityScatterPlot_dot.png:md5,3943272b85a7f8ad1132ac51b1e23438",
                "LengthvsQualityScatterPlot_kde.html:md5,65a62e6611b2b96a073d4ff68368688d",
                "LengthvsQualityScatterPlot_kde.png:md5,eaee7c9ef97656d67a8443d78c0df806",
                "NanoPlot-report.html:md5,48e0896aa0c155a7cc42250089d22cac",
                "NanoStats.txt:md5,2f34bd7156993c0546d218bcb157f876",
                "Non_weightedHistogramReadlength.html:md5,9c4f3473f82ee7b2ae245028593a5b69",
                "Non_weightedHistogramReadlength.png:md5,600045bcbe30d711ec1f6fc35e121c14",
                "Non_weightedLogTransformed_HistogramReadlength.html:md5,8f9bc53f6b046112b8cd3c7d16025536",
                "Non_weightedLogTransformed_HistogramReadlength.png:md5,67727a3530ce46464006b93a8f9d4aa8",
                "WeightedHistogramReadlength.html:md5,78a8c3de1096303641f3ccbbd402ef4a",
                "WeightedHistogramReadlength.png:md5,6e04a793741418c36406926a88983858",
                "WeightedLogTransformed_HistogramReadlength.html:md5,e6bcb7e52c4efc21b6cb98660d159df0",
                "WeightedLogTransformed_HistogramReadlength.png:md5,bf86f0dc81dc37067099cfd567927ba6",
                "Yield_By_Length.html:md5,cc1f46a45eda51e87ecfcc030d2ae065",
                "Yield_By_Length.png:md5,30d87ae587f5bb84aedcddf2a3e040e3",
                "ccs_hifi.fastplong.html:md5,12b8db6383a5211cf64791aa83586bbb",
                "ccs_hifi.fastplong.json:md5,1a2115337c130d25ef833e8fbb872ecc",
                "ccs_hifi.fastplong.log:md5,6869ab29abdd3a65827f366527ebb42b",
                "ccs_hifi_fastqc.html:md5,224452a04cd1bbe133cf80d97ff2766b",
                "ccs_hifi_fastqc.zip:md5,f623a3e000e6d5c87bccfc35311443b9",
                "LengthvsQualityScatterPlot_dot.html:md5,2ca2415b304e01b002f80125dabbbef9",
                "LengthvsQualityScatterPlot_dot.png:md5,17809d4d2e295425c6b221a53bbcfeac",
                "LengthvsQualityScatterPlot_kde.html:md5,63b132a22032fe9e9dbd22d84ab272c6",
                "LengthvsQualityScatterPlot_kde.png:md5,eaee7c9ef97656d67a8443d78c0df806",
                "NanoPlot-report.html:md5,e2657f3fb5c6c27868de02ce52af49e3",
                "NanoStats.txt:md5,b3655ea28a7296223e0ce225aad6db28",
                "Non_weightedHistogramReadlength.html:md5,f6dc31f6d2191f5e9d62d859fe7d20e5",
                "Non_weightedHistogramReadlength.png:md5,600045bcbe30d711ec1f6fc35e121c14",
                "Non_weightedLogTransformed_HistogramReadlength.html:md5,5826e3b3b51631c76ac7e53489d0b59d",
                "Non_weightedLogTransformed_HistogramReadlength.png:md5,67727a3530ce46464006b93a8f9d4aa8",
                "WeightedHistogramReadlength.html:md5,f42d400ce9df886a3a7eba515b99e9db",
                "WeightedHistogramReadlength.png:md5,6e04a793741418c36406926a88983858",
                "WeightedLogTransformed_HistogramReadlength.html:md5,10a88f26286be29904b2c6b2304de9ce",
                "WeightedLogTransformed_HistogramReadlength.png:md5,bf86f0dc81dc37067099cfd567927ba6",
                "Yield_By_Length.html:md5,520932c35b57c696b629dd62e1f9eae2",
                "Yield_By_Length.png:md5,30d87ae587f5bb84aedcddf2a3e040e3",
                "ccs_unaligned.txt:md5,54393b7d6feb7d7e25b976758a0fad54",
                "ccs_unaligned.fastplong.html:md5,1800da18550ae522003207410058c301",
                "ccs_unaligned.fastplong.json:md5,26ffe23b955130f7f6f0ffa84811ff8a",
                "ccs_unaligned.fastplong.log:md5,6c41493c6adebef0677107b3360980d3",
                "ccs_unaligned.mosdepth.global.dist.txt:md5,d41d8cd98f00b204e9800998ecf8427e",
                "ccs_unaligned.mosdepth.summary.txt:md5,323a89864de60ef874c560e926830851",
                "ccs_unaligned.stats:md5,e07a5438922f0c5b05b4a14fc5ade506",
                "ataqv_chrom_dist_Percentages.txt:md5,fd73ba2a1e06f9ef463f8ded7a3854bd",
                "ataqv_chrom_dist_Reads.txt:md5,5e162fc268998f80a61d59c219ad9609",
                "ataqv_fld_plot_Percentage.txt:md5,934ce61b7ebd2523f4bbc0a12e324e97",
                "ataqv_fld_plot_Read_Count.txt:md5,73f5a10d2908d455d46ed06703c95a41",
                "ataqv_mapq_dist.txt:md5,033f2c29e8d60d90dabc58947cd4c4a5",
                "bcftools-stats-subtypes.txt:md5,35244c84ae62dac312f431e418058106",
                "bcftools_stats_indel-lengths.txt:md5,4b2b7a42f9d702495fd4529ec860934a",
                "bcftools_stats_variant_depths.txt:md5,be8089107a89d1ae71f36e73ececa475",
                "bcftools_stats_vqc_Count_Indels.txt:md5,b67cf9d97a3ead35d0893ab0a8ba1ff5",
                "bcftools_stats_vqc_Count_SNP.txt:md5,44e6d225940d2f143fd76330a93fcf13",
                "bcftools_stats_vqc_Count_Transitions.txt:md5,17c27db4f773b8eeaf9f931d84650434",
                "bcftools_stats_vqc_Count_Transversions.txt:md5,fc1ed08cc89710eac690d7bc3391d3e1",
                "fastp-insert-size-plot.txt:md5,ac5942fd6c1f26248c8a59f3a518d566",
                "fastp-seq-content-gc-plot_Read_1_After_filtering.txt:md5,54c8256242ce8181f019f44d018ac4f7",
                "fastp-seq-content-gc-plot_Read_1_Before_filtering.txt:md5,f1bbb5ab3052e1bcd68ef26149393e08",
                "fastp-seq-content-gc-plot_Read_2_After_filtering.txt:md5,dcbc2723521f466216721a51ca29eb7c",
                "fastp-seq-content-gc-plot_Read_2_Before_filtering.txt:md5,70d5ee95e530901f1d7b98d175fe4fd9",
                "fastp-seq-content-n-plot_Read_1_After_filtering.txt:md5,5c47609fd0dcdd0c5d25a61887349f14",
                "fastp-seq-content-n-plot_Read_1_Before_filtering.txt:md5,5715cd34d31eca6bac7834a901925508",
                "fastp-seq-content-n-plot_Read_2_After_filtering.txt:md5,4673d7b217df961cbaa5444d021dff09",
                "fastp-seq-content-n-plot_Read_2_Before_filtering.txt:md5,7c9002b271842cac3c58a51e929bf3b4",
                "fastp-seq-quality-plot_Read_1_After_filtering.txt:md5,0b6353822971386fa9dc9bb2960e1d2e",
                "fastp-seq-quality-plot_Read_1_Before_filtering.txt:md5,e9e862e8bfaf7d1cb8ff1cda7ea7d397",
                "fastp-seq-quality-plot_Read_2_After_filtering.txt:md5,4c8a0517485ac203a99b777ab6e2c16e",
                "fastp-seq-quality-plot_Read_2_Before_filtering.txt:md5,59954e3231dd991764aa341d972a063f",
                "fastp_filtered_reads_plot.txt:md5,2c120a49e5498b553d043662edbd8059",
                "llms-full.txt:md5,07fc348207f1e0c45a0abadebbf2b1c7",
                "mosdepth-coverage-per-contig-multi.txt:md5,2bf8cb1172c6dea696c7c1636cfe444c",
                "mosdepth-cumcoverage-dist-id.txt:md5,38f8664f5b4105ad3ceff9ef5afc9056",
                "mosdepth_cov_dist.txt:md5,c44ccf718f20831f45d65125eb372682",
                "mosdepth_cumcov_dist.txt:md5,c44ccf718f20831f45d65125eb372682",
                "mosdepth_perchrom.txt:md5,9509624e10d98455cb1d96de94cc91cd",
                "multiqc.parquet:md5,bc297a89411cb05e3f4183a56bc0d0f1",
                "multiqc_ataqv.txt:md5,eef07b00ff2850977b83994976117c42",
                "multiqc_bcftools_stats.txt:md5,3e0a3b996315227d9bcdecd0190d5923",
                "multiqc_citations.txt:md5,0522963673be0d20942ddd7d5819a63c",
                "multiqc_fastp.txt:md5,74c0de8dab5db8a610634b47094c69b0",
                "multiqc_general_stats.txt:md5,f1f1de619400f43515b3108680994901",
                "multiqc_rseqc_bam_stat.txt:md5,03734e9b6ac19e1af4ba4663e19a7b22",
                "multiqc_samtools_stats.txt:md5,e5cb04a50f3c6eaf8b33fb78eb12b494",
                "rseqc_bam_stat.txt:md5,ab14485c5d5401af3d701ab7f47a0f2d",
                "samtools-stats-dp.txt:md5,0ae48e1c3a178fdac4260ca44470e086",
                "samtools_alignment_plot.txt:md5,f8f1c2088179c77dea9fce19822cdd49",
                "unified.tsv:md5,ff7aa2a9f640d0684b1e3470a9e07b52",
                "ccs_bam_1.fastq.gz:md5,d41d8cd98f00b204e9800998ecf8427e",
                "ccs_bam_other.fastq.gz:md5,9c701f6b41ceede04ec0b8e598bb3175",
                "ccs_bam_singleton.fastq.gz:md5,d41d8cd98f00b204e9800998ecf8427e",
                "ccs_unaligned_1.fastq.gz:md5,d41d8cd98f00b204e9800998ecf8427e",
                "ccs_unaligned_other.fastq.gz:md5,8abf16176fd1625998ee28590e1039b1",
                "ccs_unaligned_singleton.fastq.gz:md5,d41d8cd98f00b204e9800998ecf8427e",
                "test_rna.vcf.gz:md5,1bb8724dcbe6fa3101a814c0be51d1ea",
                "test_rna.bcftools_stats.txt:md5,6f25101271c90ccf0d5dac0137995a9b",
                "test_rna.fastp.html:md5,ab79d0b6023a02ae0f0c525a9e442d3a",
                "test_rna.fastp.json:md5,8a3a48714483a889e637b1d84ab8a602",
                "test_rna.fastp.log:md5,66a08ad82868b030ea38fb324485b404",
                "test_rna_1_fastqc.html:md5,ac7a19fccad0e75bba107bd2e76a31fb",
                "test_rna_1_fastqc.zip:md5,eae43a0cfe8376c858f04f8214f38621",
                "test_rna_2_fastqc.html:md5,2075b824d039917915d7e77f784ba505",
                "test_rna_2_fastqc.zip:md5,83c16056819d14678bfadc605bff0b17",
                "test_rna.tsv:md5,a69b84e4284be63f4ca7bdc09bc04f10"
            ]
        ],
        "timestamp": "2026-03-24T13:12:29.060015149",
        "meta": {
            "nf-test": "0.9.4",
            "nextflow": "25.10.4"
        }
    }
}