{
    "test hg38": {
        "content": [
            36,
            {
                "BCFTOOLS_STATS": {
                    "bcftools": 1.21
                },
                "FASTP": {
                    "fastp": "0.24.0"
                },
                "FASTPLONG": {
                    "fastplong": "0.3.0"
                },
                "MOSDEPTH": {
                    "mosdepth": "0.3.10"
                },
                "RSEQC_BAMSTAT": {
                    "rseqc": "5.0.2"
                },
                "TABIX_TABIX": {
                    "tabix": 1.21
                },
                "Workflow": {
                    "GHGA AQuA": "v1.0.0dev"
                }
            },
            [
                "ERR188383",
                "ERR188383/rseqc_bamstat",
                "ERR188383/rseqc_bamstat/ERR188383.bam_stat.txt",
                "ERR188383/sambamba_flagstat",
                "ERR188383/sambamba_flagstat/ERR188383.stats",
                "ERR188454",
                "ERR188454/rseqc_bamstat",
                "ERR188454/rseqc_bamstat/ERR188454.bam_stat.txt",
                "ERR188454/sambamba_flagstat",
                "ERR188454/sambamba_flagstat/ERR188454.stats",
                "MCF7_1",
                "MCF7_1/fastplong",
                "MCF7_1/fastplong/MCF7_1.fastplong.html",
                "MCF7_1/fastplong/MCF7_1.fastplong.json",
                "MCF7_1/fastplong/MCF7_1.fastplong.log",
                "OSMOTIC_STRESS_T0_PE",
                "OSMOTIC_STRESS_T0_PE/fastp",
                "OSMOTIC_STRESS_T0_PE/fastp/OSMOTIC_STRESS_T0_PE.fastp.html",
                "OSMOTIC_STRESS_T0_PE/fastp/OSMOTIC_STRESS_T0_PE.fastp.json",
                "OSMOTIC_STRESS_T0_PE/fastp/OSMOTIC_STRESS_T0_PE.fastp.log",
                "OSMOTIC_STRESS_T100_SE",
                "OSMOTIC_STRESS_T100_SE/fastp",
                "OSMOTIC_STRESS_T100_SE/fastp/OSMOTIC_STRESS_T100_SE.fastp.html",
                "OSMOTIC_STRESS_T100_SE/fastp/OSMOTIC_STRESS_T100_SE.fastp.json",
                "OSMOTIC_STRESS_T100_SE/fastp/OSMOTIC_STRESS_T100_SE.fastp.log",
                "SRR389222_sub1",
                "SRR389222_sub1/fastp",
                "SRR389222_sub1/fastp/SRR389222_sub1.fastp.html",
                "SRR389222_sub1/fastp/SRR389222_sub1.fastp.json",
                "SRR389222_sub1/fastp/SRR389222_sub1.fastp.log",
                "SRR389222_sub2",
                "SRR389222_sub2/fastp",
                "SRR389222_sub2/fastp/SRR389222_sub2.fastp.html",
                "SRR389222_sub2/fastp/SRR389222_sub2.fastp.json",
                "SRR389222_sub2/fastp/SRR389222_sub2.fastp.log",
                "WES_LL_N_2",
                "WES_LL_N_2/mosdepth",
                "WES_LL_N_2/mosdepth/WES_LL_N_2.mosdepth.global.dist.txt",
                "WES_LL_N_2/mosdepth/WES_LL_N_2.mosdepth.summary.txt",
                "WES_LL_N_2/sambamba_flagstat",
                "WES_LL_N_2/sambamba_flagstat/WES_LL_N_2.stats",
                "WES_LL_N_3",
                "WES_LL_N_3/ataqv",
                "WES_LL_N_3/ataqv/WES_LL_N_3.ataqv.json",
                "WES_LL_N_3/mosdepth",
                "WES_LL_N_3/mosdepth/WES_LL_N_3.mosdepth.global.dist.txt",
                "WES_LL_N_3/mosdepth/WES_LL_N_3.mosdepth.summary.txt",
                "WES_LL_N_3/sambamba_flagstat",
                "WES_LL_N_3/sambamba_flagstat/WES_LL_N_3.stats",
                "WES_LL_T_2",
                "WES_LL_T_2/mosdepth",
                "WES_LL_T_2/mosdepth/WES_LL_T_2.mosdepth.global.dist.txt",
                "WES_LL_T_2/mosdepth/WES_LL_T_2.mosdepth.summary.txt",
                "WES_LL_T_2/sambamba_flagstat",
                "WES_LL_T_2/sambamba_flagstat/WES_LL_T_2.stats",
                "WES_LL_T_3",
                "WES_LL_T_3/ataqv",
                "WES_LL_T_3/ataqv/WES_LL_T_3.ataqv.json",
                "WES_LL_T_3/mosdepth",
                "WES_LL_T_3/mosdepth/WES_LL_T_3.mosdepth.global.dist.txt",
                "WES_LL_T_3/mosdepth/WES_LL_T_3.mosdepth.summary.txt",
                "WES_LL_T_3/sambamba_flagstat",
                "WES_LL_T_3/sambamba_flagstat/WES_LL_T_3.stats",
                "ccs_bam",
                "ccs_bam/cramino",
                "ccs_bam/cramino/ccs_bam.txt",
                "ccs_bam/mosdepth",
                "ccs_bam/mosdepth/ccs_bam.mosdepth.global.dist.txt",
                "ccs_bam/mosdepth/ccs_bam.mosdepth.summary.txt",
                "ccs_bam/sambamba_flagstat",
                "ccs_bam/sambamba_flagstat/ccs_bam.stats",
                "ccs_fastq",
                "ccs_fastq/fastplong",
                "ccs_fastq/fastplong/ccs_fastq.fastplong.html",
                "ccs_fastq/fastplong/ccs_fastq.fastplong.json",
                "ccs_fastq/fastplong/ccs_fastq.fastplong.log",
                "ccs_hifi",
                "ccs_hifi/fastplong",
                "ccs_hifi/fastplong/ccs_hifi.fastplong.html",
                "ccs_hifi/fastplong/ccs_hifi.fastplong.json",
                "ccs_hifi/fastplong/ccs_hifi.fastplong.log",
                "ccs_unaligned",
                "ccs_unaligned/cramino",
                "ccs_unaligned/cramino/ccs_unaligned.txt",
                "ccs_unaligned/mosdepth",
                "ccs_unaligned/mosdepth/ccs_unaligned.mosdepth.global.dist.txt",
                "ccs_unaligned/mosdepth/ccs_unaligned.mosdepth.summary.txt",
                "ccs_unaligned/sambamba_flagstat",
                "ccs_unaligned/sambamba_flagstat/ccs_unaligned.stats",
                "multiqc",
                "multiqc/multiqc_data",
                "multiqc/multiqc_data/ataqv_chrom_dist_Percentages.txt",
                "multiqc/multiqc_data/ataqv_chrom_dist_Reads.txt",
                "multiqc/multiqc_data/ataqv_fld_plot_Percentage.txt",
                "multiqc/multiqc_data/ataqv_fld_plot_Read_Count.txt",
                "multiqc/multiqc_data/ataqv_mapq_dist.txt",
                "multiqc/multiqc_data/bcftools-stats-subtypes.txt",
                "multiqc/multiqc_data/bcftools_stats_indel-lengths.txt",
                "multiqc/multiqc_data/bcftools_stats_variant_depths.txt",
                "multiqc/multiqc_data/bcftools_stats_vqc_Count_Indels.txt",
                "multiqc/multiqc_data/bcftools_stats_vqc_Count_SNP.txt",
                "multiqc/multiqc_data/bcftools_stats_vqc_Count_Transitions.txt",
                "multiqc/multiqc_data/bcftools_stats_vqc_Count_Transversions.txt",
                "multiqc/multiqc_data/fastp-insert-size-plot.txt",
                "multiqc/multiqc_data/fastp-seq-content-gc-plot_Read_1_After_filtering.txt",
                "multiqc/multiqc_data/fastp-seq-content-gc-plot_Read_1_Before_filtering.txt",
                "multiqc/multiqc_data/fastp-seq-content-gc-plot_Read_2_After_filtering.txt",
                "multiqc/multiqc_data/fastp-seq-content-gc-plot_Read_2_Before_filtering.txt",
                "multiqc/multiqc_data/fastp-seq-content-n-plot_Read_1_After_filtering.txt",
                "multiqc/multiqc_data/fastp-seq-content-n-plot_Read_1_Before_filtering.txt",
                "multiqc/multiqc_data/fastp-seq-content-n-plot_Read_2_After_filtering.txt",
                "multiqc/multiqc_data/fastp-seq-content-n-plot_Read_2_Before_filtering.txt",
                "multiqc/multiqc_data/fastp-seq-quality-plot_Read_1_After_filtering.txt",
                "multiqc/multiqc_data/fastp-seq-quality-plot_Read_1_Before_filtering.txt",
                "multiqc/multiqc_data/fastp-seq-quality-plot_Read_2_After_filtering.txt",
                "multiqc/multiqc_data/fastp-seq-quality-plot_Read_2_Before_filtering.txt",
                "multiqc/multiqc_data/fastp_filtered_reads_plot.txt",
                "multiqc/multiqc_data/llms-full.txt",
                "multiqc/multiqc_data/mosdepth-coverage-per-contig-multi.txt",
                "multiqc/multiqc_data/mosdepth-cumcoverage-dist-id.txt",
                "multiqc/multiqc_data/mosdepth_cov_dist.txt",
                "multiqc/multiqc_data/mosdepth_cumcov_dist.txt",
                "multiqc/multiqc_data/mosdepth_perchrom.txt",
                "multiqc/multiqc_data/multiqc.log",
                "multiqc/multiqc_data/multiqc.parquet",
                "multiqc/multiqc_data/multiqc_ataqv.txt",
                "multiqc/multiqc_data/multiqc_bcftools_stats.txt",
                "multiqc/multiqc_data/multiqc_citations.txt",
                "multiqc/multiqc_data/multiqc_data.json",
                "multiqc/multiqc_data/multiqc_fastp.txt",
                "multiqc/multiqc_data/multiqc_general_stats.txt",
                "multiqc/multiqc_data/multiqc_rseqc_bam_stat.txt",
                "multiqc/multiqc_data/multiqc_samtools_flagstat.txt",
                "multiqc/multiqc_data/multiqc_software_versions.txt",
                "multiqc/multiqc_data/multiqc_sources.txt",
                "multiqc/multiqc_data/rseqc_bam_stat.txt",
                "multiqc/multiqc_data/samtools-flagstat-pct-table.txt",
                "multiqc/multiqc_data/samtools-flagstat-table.txt",
                "multiqc/multiqc_plots",
                "multiqc/multiqc_plots/pdf",
                "multiqc/multiqc_plots/pdf/ataqv_chrom_dist_Percentages.pdf",
                "multiqc/multiqc_plots/pdf/ataqv_chrom_dist_Reads.pdf",
                "multiqc/multiqc_plots/pdf/ataqv_fld_plot_Percentage-cnt.pdf",
                "multiqc/multiqc_plots/pdf/ataqv_fld_plot_Percentage-log.pdf",
                "multiqc/multiqc_plots/pdf/ataqv_fld_plot_Read_Count-cnt.pdf",
                "multiqc/multiqc_plots/pdf/ataqv_fld_plot_Read_Count-log.pdf",
                "multiqc/multiqc_plots/pdf/ataqv_mapq_dist-cnt.pdf",
                "multiqc/multiqc_plots/pdf/ataqv_mapq_dist-log.pdf",
                "multiqc/multiqc_plots/pdf/bcftools-stats-subtypes-cnt.pdf",
                "multiqc/multiqc_plots/pdf/bcftools-stats-subtypes-pct.pdf",
                "multiqc/multiqc_plots/pdf/bcftools_stats_indel-lengths-cnt.pdf",
                "multiqc/multiqc_plots/pdf/bcftools_stats_indel-lengths-log.pdf",
                "multiqc/multiqc_plots/pdf/bcftools_stats_variant_depths.pdf",
                "multiqc/multiqc_plots/pdf/bcftools_stats_vqc_Count_Indels.pdf",
                "multiqc/multiqc_plots/pdf/bcftools_stats_vqc_Count_SNP.pdf",
                "multiqc/multiqc_plots/pdf/bcftools_stats_vqc_Count_Transitions.pdf",
                "multiqc/multiqc_plots/pdf/bcftools_stats_vqc_Count_Transversions.pdf",
                "multiqc/multiqc_plots/pdf/fastp-insert-size-plot.pdf",
                "multiqc/multiqc_plots/pdf/fastp-seq-content-gc-plot_Read_1_After_filtering.pdf",
                "multiqc/multiqc_plots/pdf/fastp-seq-content-gc-plot_Read_1_Before_filtering.pdf",
                "multiqc/multiqc_plots/pdf/fastp-seq-content-gc-plot_Read_2_After_filtering.pdf",
                "multiqc/multiqc_plots/pdf/fastp-seq-content-gc-plot_Read_2_Before_filtering.pdf",
                "multiqc/multiqc_plots/pdf/fastp-seq-content-n-plot_Read_1_After_filtering.pdf",
                "multiqc/multiqc_plots/pdf/fastp-seq-content-n-plot_Read_1_Before_filtering.pdf",
                "multiqc/multiqc_plots/pdf/fastp-seq-content-n-plot_Read_2_After_filtering.pdf",
                "multiqc/multiqc_plots/pdf/fastp-seq-content-n-plot_Read_2_Before_filtering.pdf",
                "multiqc/multiqc_plots/pdf/fastp-seq-quality-plot_Read_1_After_filtering.pdf",
                "multiqc/multiqc_plots/pdf/fastp-seq-quality-plot_Read_1_Before_filtering.pdf",
                "multiqc/multiqc_plots/pdf/fastp-seq-quality-plot_Read_2_After_filtering.pdf",
                "multiqc/multiqc_plots/pdf/fastp-seq-quality-plot_Read_2_Before_filtering.pdf",
                "multiqc/multiqc_plots/pdf/fastp_filtered_reads_plot-cnt.pdf",
                "multiqc/multiqc_plots/pdf/fastp_filtered_reads_plot-pct.pdf",
                "multiqc/multiqc_plots/pdf/mosdepth-coverage-per-contig-multi-cnt.pdf",
                "multiqc/multiqc_plots/pdf/mosdepth-coverage-per-contig-multi-log.pdf",
                "multiqc/multiqc_plots/pdf/mosdepth-cumcoverage-dist-id.pdf",
                "multiqc/multiqc_plots/pdf/rseqc_bam_stat.pdf",
                "multiqc/multiqc_plots/pdf/samtools-flagstat-pct-table.pdf",
                "multiqc/multiqc_plots/pdf/samtools-flagstat-table.pdf",
                "multiqc/multiqc_plots/png",
                "multiqc/multiqc_plots/png/ataqv_chrom_dist_Percentages.png",
                "multiqc/multiqc_plots/png/ataqv_chrom_dist_Reads.png",
                "multiqc/multiqc_plots/png/ataqv_fld_plot_Percentage-cnt.png",
                "multiqc/multiqc_plots/png/ataqv_fld_plot_Percentage-log.png",
                "multiqc/multiqc_plots/png/ataqv_fld_plot_Read_Count-cnt.png",
                "multiqc/multiqc_plots/png/ataqv_fld_plot_Read_Count-log.png",
                "multiqc/multiqc_plots/png/ataqv_mapq_dist-cnt.png",
                "multiqc/multiqc_plots/png/ataqv_mapq_dist-log.png",
                "multiqc/multiqc_plots/png/bcftools-stats-subtypes-cnt.png",
                "multiqc/multiqc_plots/png/bcftools-stats-subtypes-pct.png",
                "multiqc/multiqc_plots/png/bcftools_stats_indel-lengths-cnt.png",
                "multiqc/multiqc_plots/png/bcftools_stats_indel-lengths-log.png",
                "multiqc/multiqc_plots/png/bcftools_stats_variant_depths.png",
                "multiqc/multiqc_plots/png/bcftools_stats_vqc_Count_Indels.png",
                "multiqc/multiqc_plots/png/bcftools_stats_vqc_Count_SNP.png",
                "multiqc/multiqc_plots/png/bcftools_stats_vqc_Count_Transitions.png",
                "multiqc/multiqc_plots/png/bcftools_stats_vqc_Count_Transversions.png",
                "multiqc/multiqc_plots/png/fastp-insert-size-plot.png",
                "multiqc/multiqc_plots/png/fastp-seq-content-gc-plot_Read_1_After_filtering.png",
                "multiqc/multiqc_plots/png/fastp-seq-content-gc-plot_Read_1_Before_filtering.png",
                "multiqc/multiqc_plots/png/fastp-seq-content-gc-plot_Read_2_After_filtering.png",
                "multiqc/multiqc_plots/png/fastp-seq-content-gc-plot_Read_2_Before_filtering.png",
                "multiqc/multiqc_plots/png/fastp-seq-content-n-plot_Read_1_After_filtering.png",
                "multiqc/multiqc_plots/png/fastp-seq-content-n-plot_Read_1_Before_filtering.png",
                "multiqc/multiqc_plots/png/fastp-seq-content-n-plot_Read_2_After_filtering.png",
                "multiqc/multiqc_plots/png/fastp-seq-content-n-plot_Read_2_Before_filtering.png",
                "multiqc/multiqc_plots/png/fastp-seq-quality-plot_Read_1_After_filtering.png",
                "multiqc/multiqc_plots/png/fastp-seq-quality-plot_Read_1_Before_filtering.png",
                "multiqc/multiqc_plots/png/fastp-seq-quality-plot_Read_2_After_filtering.png",
                "multiqc/multiqc_plots/png/fastp-seq-quality-plot_Read_2_Before_filtering.png",
                "multiqc/multiqc_plots/png/fastp_filtered_reads_plot-cnt.png",
                "multiqc/multiqc_plots/png/fastp_filtered_reads_plot-pct.png",
                "multiqc/multiqc_plots/png/mosdepth-coverage-per-contig-multi-cnt.png",
                "multiqc/multiqc_plots/png/mosdepth-coverage-per-contig-multi-log.png",
                "multiqc/multiqc_plots/png/mosdepth-cumcoverage-dist-id.png",
                "multiqc/multiqc_plots/png/rseqc_bam_stat.png",
                "multiqc/multiqc_plots/png/samtools-flagstat-pct-table.png",
                "multiqc/multiqc_plots/png/samtools-flagstat-table.png",
                "multiqc/multiqc_plots/svg",
                "multiqc/multiqc_plots/svg/ataqv_chrom_dist_Percentages.svg",
                "multiqc/multiqc_plots/svg/ataqv_chrom_dist_Reads.svg",
                "multiqc/multiqc_plots/svg/ataqv_fld_plot_Percentage-cnt.svg",
                "multiqc/multiqc_plots/svg/ataqv_fld_plot_Percentage-log.svg",
                "multiqc/multiqc_plots/svg/ataqv_fld_plot_Read_Count-cnt.svg",
                "multiqc/multiqc_plots/svg/ataqv_fld_plot_Read_Count-log.svg",
                "multiqc/multiqc_plots/svg/ataqv_mapq_dist-cnt.svg",
                "multiqc/multiqc_plots/svg/ataqv_mapq_dist-log.svg",
                "multiqc/multiqc_plots/svg/bcftools-stats-subtypes-cnt.svg",
                "multiqc/multiqc_plots/svg/bcftools-stats-subtypes-pct.svg",
                "multiqc/multiqc_plots/svg/bcftools_stats_indel-lengths-cnt.svg",
                "multiqc/multiqc_plots/svg/bcftools_stats_indel-lengths-log.svg",
                "multiqc/multiqc_plots/svg/bcftools_stats_variant_depths.svg",
                "multiqc/multiqc_plots/svg/bcftools_stats_vqc_Count_Indels.svg",
                "multiqc/multiqc_plots/svg/bcftools_stats_vqc_Count_SNP.svg",
                "multiqc/multiqc_plots/svg/bcftools_stats_vqc_Count_Transitions.svg",
                "multiqc/multiqc_plots/svg/bcftools_stats_vqc_Count_Transversions.svg",
                "multiqc/multiqc_plots/svg/fastp-insert-size-plot.svg",
                "multiqc/multiqc_plots/svg/fastp-seq-content-gc-plot_Read_1_After_filtering.svg",
                "multiqc/multiqc_plots/svg/fastp-seq-content-gc-plot_Read_1_Before_filtering.svg",
                "multiqc/multiqc_plots/svg/fastp-seq-content-gc-plot_Read_2_After_filtering.svg",
                "multiqc/multiqc_plots/svg/fastp-seq-content-gc-plot_Read_2_Before_filtering.svg",
                "multiqc/multiqc_plots/svg/fastp-seq-content-n-plot_Read_1_After_filtering.svg",
                "multiqc/multiqc_plots/svg/fastp-seq-content-n-plot_Read_1_Before_filtering.svg",
                "multiqc/multiqc_plots/svg/fastp-seq-content-n-plot_Read_2_After_filtering.svg",
                "multiqc/multiqc_plots/svg/fastp-seq-content-n-plot_Read_2_Before_filtering.svg",
                "multiqc/multiqc_plots/svg/fastp-seq-quality-plot_Read_1_After_filtering.svg",
                "multiqc/multiqc_plots/svg/fastp-seq-quality-plot_Read_1_Before_filtering.svg",
                "multiqc/multiqc_plots/svg/fastp-seq-quality-plot_Read_2_After_filtering.svg",
                "multiqc/multiqc_plots/svg/fastp-seq-quality-plot_Read_2_Before_filtering.svg",
                "multiqc/multiqc_plots/svg/fastp_filtered_reads_plot-cnt.svg",
                "multiqc/multiqc_plots/svg/fastp_filtered_reads_plot-pct.svg",
                "multiqc/multiqc_plots/svg/mosdepth-coverage-per-contig-multi-cnt.svg",
                "multiqc/multiqc_plots/svg/mosdepth-coverage-per-contig-multi-log.svg",
                "multiqc/multiqc_plots/svg/mosdepth-cumcoverage-dist-id.svg",
                "multiqc/multiqc_plots/svg/rseqc_bam_stat.svg",
                "multiqc/multiqc_plots/svg/samtools-flagstat-pct-table.svg",
                "multiqc/multiqc_plots/svg/samtools-flagstat-table.svg",
                "multiqc/multiqc_report.html",
                "multiqc_mapper",
                "multiqc_mapper/unified.tsv",
                "pipeline_info",
                "pipeline_info/qc_software_mqc_versions.yml",
                "tabix",
                "tabix/test_rna.vcf.gz",
                "tabix/test_rna.vcf.gz.tbi",
                "test_rna",
                "test_rna/bcftools_stats",
                "test_rna/bcftools_stats/test_rna.bcftools_stats.txt",
                "test_rna/fastp",
                "test_rna/fastp/test_rna.fastp.html",
                "test_rna/fastp/test_rna.fastp.json",
                "test_rna/fastp/test_rna.fastp.log"
            ],
            [
                "ERR188383.bam_stat.txt:md5,393abaed1d75c3f2da2ca8026cb556cd",
                "ERR188383.stats:md5,c7b84b1c8200c7c7b5a23fd549779757",
                "ERR188454.bam_stat.txt:md5,e3d34a8f6f566d88a1b2332d65d93584",
                "ERR188454.stats:md5,908952cee6401a765b351f639315873e",
                "MCF7_1.fastplong.html:md5,27a522f8b0aeedabd8a81dadcc04a860",
                "MCF7_1.fastplong.json:md5,a9d33022a967e244c9605ac6fce5a527",
                "MCF7_1.fastplong.log:md5,06b0d36b3d34a2a1e8eabd5f9c12f655",
                "OSMOTIC_STRESS_T0_PE.fastp.html:md5,ba6a5fffb390e9c6f7a6526042627d2f",
                "OSMOTIC_STRESS_T0_PE.fastp.json:md5,99e7feeb3baa72e9a2d55612c224bec1",
                "OSMOTIC_STRESS_T0_PE.fastp.log:md5,211e8e597f5ce8f79aa3f9a00538d471",
                "OSMOTIC_STRESS_T100_SE.fastp.html:md5,ce552abb0c3b6e81e93317f214aca913",
                "OSMOTIC_STRESS_T100_SE.fastp.json:md5,159fb17ca79726fa4abbd431c8cac5df",
                "OSMOTIC_STRESS_T100_SE.fastp.log:md5,d92140e7b7ac3836ed60bf0e3298ff44",
                "SRR389222_sub1.fastp.html:md5,8f7f06be21d90b38b6593694bb5f8965",
                "SRR389222_sub1.fastp.json:md5,80c1439ba34a4b30e3342fe5d7db8370",
                "SRR389222_sub1.fastp.log:md5,3254fd513aeb959272d4576aedcfddac",
                "SRR389222_sub2.fastp.html:md5,9ed80558a1765a573b9c214729112b62",
                "SRR389222_sub2.fastp.json:md5,78f1254c446a78bb665204f1c62f7432",
                "SRR389222_sub2.fastp.log:md5,e27a51e1b029afa21d9970609e7ecc73",
                "WES_LL_N_2.mosdepth.global.dist.txt:md5,994eb8d102d78c8f5e4e01ed14641c42",
                "WES_LL_N_2.mosdepth.summary.txt:md5,aab8fcf098ead2d188d94742873956c8",
                "WES_LL_N_2.stats:md5,651ac6abf87d915b9c7756d14309b89e",
                "WES_LL_N_3.ataqv.json:md5,76f0261eddca0a7c5be70cee5cef3496",
                "WES_LL_N_3.mosdepth.global.dist.txt:md5,994eb8d102d78c8f5e4e01ed14641c42",
                "WES_LL_N_3.mosdepth.summary.txt:md5,aab8fcf098ead2d188d94742873956c8",
                "WES_LL_N_3.stats:md5,651ac6abf87d915b9c7756d14309b89e",
                "WES_LL_T_2.mosdepth.global.dist.txt:md5,994eb8d102d78c8f5e4e01ed14641c42",
                "WES_LL_T_2.mosdepth.summary.txt:md5,e914878223992183c9486c8e8563a33d",
                "WES_LL_T_2.stats:md5,99cbdeef309416c243eafcf429ea1ca3",
                "WES_LL_T_3.ataqv.json:md5,363b9691de94f36f615d0d4ede282d9e",
                "WES_LL_T_3.mosdepth.global.dist.txt:md5,994eb8d102d78c8f5e4e01ed14641c42",
                "WES_LL_T_3.mosdepth.summary.txt:md5,e914878223992183c9486c8e8563a33d",
                "WES_LL_T_3.stats:md5,99cbdeef309416c243eafcf429ea1ca3",
                "ccs_bam.txt:md5,1fd896ce17a5061bf5177b4a545b8ed5",
                "ccs_bam.mosdepth.global.dist.txt:md5,c9cffafd365a9cdd8bd7494305a82a22",
                "ccs_bam.mosdepth.summary.txt:md5,9c8741ae7719cd51cc8fbe6296b2eb39",
                "ccs_bam.stats:md5,febdd5ec9754df7d3bff8cc28873691a",
                "ccs_fastq.fastplong.html:md5,c3ef3516348553f4a334b682545a2e45",
                "ccs_fastq.fastplong.json:md5,78ad7d563bad646a3811c4d9a393e6e4",
                "ccs_fastq.fastplong.log:md5,3abea6a4f012a6a52319691b6e845c93",
                "ccs_hifi.fastplong.html:md5,243e087f220923f174ac98bdc7848a73",
                "ccs_hifi.fastplong.json:md5,1a2115337c130d25ef833e8fbb872ecc",
                "ccs_hifi.fastplong.log:md5,6869ab29abdd3a65827f366527ebb42b",
                "ccs_unaligned.txt:md5,54393b7d6feb7d7e25b976758a0fad54",
                "ccs_unaligned.mosdepth.global.dist.txt:md5,d41d8cd98f00b204e9800998ecf8427e",
                "ccs_unaligned.mosdepth.summary.txt:md5,323a89864de60ef874c560e926830851",
                "ccs_unaligned.stats:md5,9316a8f58059d61099e4c0d7df4406c8",
                "ataqv_chrom_dist_Percentages.txt:md5,fd73ba2a1e06f9ef463f8ded7a3854bd",
                "ataqv_chrom_dist_Reads.txt:md5,5e162fc268998f80a61d59c219ad9609",
                "ataqv_fld_plot_Percentage.txt:md5,934ce61b7ebd2523f4bbc0a12e324e97",
                "ataqv_fld_plot_Read_Count.txt:md5,73f5a10d2908d455d46ed06703c95a41",
                "ataqv_mapq_dist.txt:md5,033f2c29e8d60d90dabc58947cd4c4a5",
                "bcftools-stats-subtypes.txt:md5,35244c84ae62dac312f431e418058106",
                "bcftools_stats_indel-lengths.txt:md5,4b2b7a42f9d702495fd4529ec860934a",
                "bcftools_stats_variant_depths.txt:md5,be8089107a89d1ae71f36e73ececa475",
                "bcftools_stats_vqc_Count_Indels.txt:md5,b67cf9d97a3ead35d0893ab0a8ba1ff5",
                "bcftools_stats_vqc_Count_SNP.txt:md5,44e6d225940d2f143fd76330a93fcf13",
                "bcftools_stats_vqc_Count_Transitions.txt:md5,17c27db4f773b8eeaf9f931d84650434",
                "bcftools_stats_vqc_Count_Transversions.txt:md5,fc1ed08cc89710eac690d7bc3391d3e1",
                "fastp-insert-size-plot.txt:md5,ac5942fd6c1f26248c8a59f3a518d566",
                "fastp-seq-content-gc-plot_Read_1_After_filtering.txt:md5,8593a1564d8f99910f25ef3cca2ce6cb",
                "fastp-seq-content-gc-plot_Read_1_Before_filtering.txt:md5,f6bd89156668286326e4f45d55c771e9",
                "fastp-seq-content-gc-plot_Read_2_After_filtering.txt:md5,dcbc2723521f466216721a51ca29eb7c",
                "fastp-seq-content-gc-plot_Read_2_Before_filtering.txt:md5,70d5ee95e530901f1d7b98d175fe4fd9",
                "fastp-seq-content-n-plot_Read_1_After_filtering.txt:md5,f2b2440dc87907c6ea1270638dd63212",
                "fastp-seq-content-n-plot_Read_1_Before_filtering.txt:md5,f15469389370f7b27883054b2f2c5e7d",
                "fastp-seq-content-n-plot_Read_2_After_filtering.txt:md5,4673d7b217df961cbaa5444d021dff09",
                "fastp-seq-content-n-plot_Read_2_Before_filtering.txt:md5,7c9002b271842cac3c58a51e929bf3b4",
                "fastp-seq-quality-plot_Read_1_After_filtering.txt:md5,f28b5e9b57841f42b8d8d8354d40faa0",
                "fastp-seq-quality-plot_Read_1_Before_filtering.txt:md5,fac3bafabb3111ad9bd8e1da7b8bd1e4",
                "fastp-seq-quality-plot_Read_2_After_filtering.txt:md5,4c8a0517485ac203a99b777ab6e2c16e",
                "fastp-seq-quality-plot_Read_2_Before_filtering.txt:md5,59954e3231dd991764aa341d972a063f",
                "fastp_filtered_reads_plot.txt:md5,332b2fa0a8469012c43e1e897c2fb9e7",
                "mosdepth-coverage-per-contig-multi.txt:md5,2bf8cb1172c6dea696c7c1636cfe444c",
                "mosdepth-cumcoverage-dist-id.txt:md5,38f8664f5b4105ad3ceff9ef5afc9056",
                "mosdepth_cov_dist.txt:md5,c44ccf718f20831f45d65125eb372682",
                "mosdepth_cumcov_dist.txt:md5,c44ccf718f20831f45d65125eb372682",
                "mosdepth_perchrom.txt:md5,9509624e10d98455cb1d96de94cc91cd",
                "multiqc_ataqv.txt:md5,eef07b00ff2850977b83994976117c42",
                "multiqc_bcftools_stats.txt:md5,3e0a3b996315227d9bcdecd0190d5923",
                "multiqc_citations.txt:md5,0522963673be0d20942ddd7d5819a63c",
                "multiqc_fastp.txt:md5,1bdd9334e7fee062744ac7feda06cdcc",
                "multiqc_general_stats.txt:md5,452a19b2b99ab0e58635e7df7f3b1503",
                "multiqc_rseqc_bam_stat.txt:md5,03734e9b6ac19e1af4ba4663e19a7b22",
                "multiqc_samtools_flagstat.txt:md5,9202b2c3b839ed127ea10f66e1f97743",
                "rseqc_bam_stat.txt:md5,ab14485c5d5401af3d701ab7f47a0f2d",
                "samtools-flagstat-pct-table.txt:md5,57e513263f28712f4afd5163714956a7",
                "samtools-flagstat-table.txt:md5,96e0d3d90c9324cb099b865529be7363",
                "unified.tsv:md5,010ac988b808c7ff964e7adda7e465f4",
                "test_rna.vcf.gz:md5,1bb8724dcbe6fa3101a814c0be51d1ea",
                "test_rna.vcf.gz.tbi:md5,747c6529930c04120f367110a9ea5e63",
                "test_rna.bcftools_stats.txt:md5,6f25101271c90ccf0d5dac0137995a9b",
                "test_rna.fastp.html:md5,4f6e786665b57774707a6ba7dcc76c3b",
                "test_rna.fastp.json:md5,8a3a48714483a889e637b1d84ab8a602",
                "test_rna.fastp.log:md5,1d6a188738a8c729606f8b37b15533b5"
            ]
        ],
        "timestamp": "2026-05-06T14:32:55.099760336",
        "meta": {
            "nf-test": "0.9.4",
            "nextflow": "25.10.4"
        }
    }
}