{
    "test hg38": {
        "content": [
            34,
            {
                "BCFTOOLS_STATS": {
                    "bcftools": 1.21
                },
                "FASTP": {
                    "fastp": "0.24.0"
                },
                "FASTPLONG": {
                    "fastplong": "0.3.0"
                },
                "MOSDEPTH": {
                    "mosdepth": "0.3.10"
                },
                "NANOPLOT_FASTQ": {
                    "nanoplot": "1.44.1"
                },
                "SAMTOOLS_STATS_BAMS": {
                    "samtools": 1.21
                },
                "SEQFU_STATS": {
                    "seqfu": "1.22.3"
                },
                "TABIX_TABIX": {
                    "tabix": 1.21
                },
                "Workflow": {
                    "GHGA AQuA": "v1.0.0dev"
                }
            },
            [
                "ERR188383",
                "ERR188383/samtools_stats",
                "ERR188383/samtools_stats/ERR188383.stats",
                "ERR188454",
                "ERR188454/samtools_stats",
                "ERR188454/samtools_stats/ERR188454.stats",
                "MCF7_1",
                "MCF7_1/fastplong",
                "MCF7_1/fastplong/MCF7_1.fastplong.html",
                "MCF7_1/fastplong/MCF7_1.fastplong.json",
                "MCF7_1/fastplong/MCF7_1.fastplong.log",
                "MCF7_1/nanoplot",
                "MCF7_1/nanoplot/LengthvsQualityScatterPlot_dot.html",
                "MCF7_1/nanoplot/LengthvsQualityScatterPlot_dot.png",
                "MCF7_1/nanoplot/LengthvsQualityScatterPlot_kde.html",
                "MCF7_1/nanoplot/LengthvsQualityScatterPlot_kde.png",
                "MCF7_1/nanoplot/NanoPlot-report.html",
                "MCF7_1/nanoplot/NanoPlot_20260813_1648.log",
                "MCF7_1/nanoplot/NanoStats.txt",
                "MCF7_1/nanoplot/Non_weightedHistogramReadlength.html",
                "MCF7_1/nanoplot/Non_weightedHistogramReadlength.png",
                "MCF7_1/nanoplot/Non_weightedLogTransformed_HistogramReadlength.html",
                "MCF7_1/nanoplot/Non_weightedLogTransformed_HistogramReadlength.png",
                "MCF7_1/nanoplot/WeightedHistogramReadlength.html",
                "MCF7_1/nanoplot/WeightedHistogramReadlength.png",
                "MCF7_1/nanoplot/WeightedLogTransformed_HistogramReadlength.html",
                "MCF7_1/nanoplot/WeightedLogTransformed_HistogramReadlength.png",
                "MCF7_1/nanoplot/Yield_By_Length.html",
                "MCF7_1/nanoplot/Yield_By_Length.png",
                "MCF7_1/seqfu_stats",
                "MCF7_1/seqfu_stats/MCF7_1.tsv",
                "OSMOTIC_STRESS_T0_PE",
                "OSMOTIC_STRESS_T0_PE/fastp",
                "OSMOTIC_STRESS_T0_PE/fastp/OSMOTIC_STRESS_T0_PE.fastp.html",
                "OSMOTIC_STRESS_T0_PE/fastp/OSMOTIC_STRESS_T0_PE.fastp.json",
                "OSMOTIC_STRESS_T0_PE/fastp/OSMOTIC_STRESS_T0_PE.fastp.log",
                "OSMOTIC_STRESS_T100_SE",
                "OSMOTIC_STRESS_T100_SE/fastp",
                "OSMOTIC_STRESS_T100_SE/fastp/OSMOTIC_STRESS_T100_SE.fastp.html",
                "OSMOTIC_STRESS_T100_SE/fastp/OSMOTIC_STRESS_T100_SE.fastp.json",
                "OSMOTIC_STRESS_T100_SE/fastp/OSMOTIC_STRESS_T100_SE.fastp.log",
                "SRR389222_sub1",
                "SRR389222_sub1/fastp",
                "SRR389222_sub1/fastp/SRR389222_sub1.fastp.html",
                "SRR389222_sub1/fastp/SRR389222_sub1.fastp.json",
                "SRR389222_sub1/fastp/SRR389222_sub1.fastp.log",
                "SRR389222_sub2",
                "SRR389222_sub2/fastp",
                "SRR389222_sub2/fastp/SRR389222_sub2.fastp.html",
                "SRR389222_sub2/fastp/SRR389222_sub2.fastp.json",
                "SRR389222_sub2/fastp/SRR389222_sub2.fastp.log",
                "WES_LL_N_2",
                "WES_LL_N_2/mosdepth",
                "WES_LL_N_2/mosdepth/WES_LL_N_2.mosdepth.global.dist.txt",
                "WES_LL_N_2/mosdepth/WES_LL_N_2.mosdepth.summary.txt",
                "WES_LL_N_2/samtools_stats",
                "WES_LL_N_2/samtools_stats/WES_LL_N_2.stats",
                "WES_LL_N_3",
                "WES_LL_N_3/mosdepth",
                "WES_LL_N_3/mosdepth/WES_LL_N_3.mosdepth.global.dist.txt",
                "WES_LL_N_3/mosdepth/WES_LL_N_3.mosdepth.summary.txt",
                "WES_LL_N_3/samtools_stats",
                "WES_LL_N_3/samtools_stats/WES_LL_N_3.stats",
                "WES_LL_T_2",
                "WES_LL_T_2/mosdepth",
                "WES_LL_T_2/mosdepth/WES_LL_T_2.mosdepth.global.dist.txt",
                "WES_LL_T_2/mosdepth/WES_LL_T_2.mosdepth.summary.txt",
                "WES_LL_T_2/samtools_stats",
                "WES_LL_T_2/samtools_stats/WES_LL_T_2.stats",
                "WES_LL_T_3",
                "WES_LL_T_3/mosdepth",
                "WES_LL_T_3/mosdepth/WES_LL_T_3.mosdepth.global.dist.txt",
                "WES_LL_T_3/mosdepth/WES_LL_T_3.mosdepth.summary.txt",
                "WES_LL_T_3/samtools_stats",
                "WES_LL_T_3/samtools_stats/WES_LL_T_3.stats",
                "ccs_bam",
                "ccs_bam/mosdepth",
                "ccs_bam/mosdepth/ccs_bam.mosdepth.global.dist.txt",
                "ccs_bam/mosdepth/ccs_bam.mosdepth.summary.txt",
                "ccs_bam/samtools_stats",
                "ccs_bam/samtools_stats/ccs_bam.stats",
                "ccs_fastq",
                "ccs_fastq/fastplong",
                "ccs_fastq/fastplong/ccs_fastq.fastplong.html",
                "ccs_fastq/fastplong/ccs_fastq.fastplong.json",
                "ccs_fastq/fastplong/ccs_fastq.fastplong.log",
                "ccs_fastq/nanoplot",
                "ccs_fastq/nanoplot/LengthvsQualityScatterPlot_dot.html",
                "ccs_fastq/nanoplot/LengthvsQualityScatterPlot_dot.png",
                "ccs_fastq/nanoplot/LengthvsQualityScatterPlot_kde.html",
                "ccs_fastq/nanoplot/LengthvsQualityScatterPlot_kde.png",
                "ccs_fastq/nanoplot/NanoPlot-report.html",
                "ccs_fastq/nanoplot/NanoPlot_20260813_1648.log",
                "ccs_fastq/nanoplot/NanoStats.txt",
                "ccs_fastq/nanoplot/Non_weightedHistogramReadlength.html",
                "ccs_fastq/nanoplot/Non_weightedHistogramReadlength.png",
                "ccs_fastq/nanoplot/Non_weightedLogTransformed_HistogramReadlength.html",
                "ccs_fastq/nanoplot/Non_weightedLogTransformed_HistogramReadlength.png",
                "ccs_fastq/nanoplot/WeightedHistogramReadlength.html",
                "ccs_fastq/nanoplot/WeightedHistogramReadlength.png",
                "ccs_fastq/nanoplot/WeightedLogTransformed_HistogramReadlength.html",
                "ccs_fastq/nanoplot/WeightedLogTransformed_HistogramReadlength.png",
                "ccs_fastq/nanoplot/Yield_By_Length.html",
                "ccs_fastq/nanoplot/Yield_By_Length.png",
                "ccs_hifi",
                "ccs_hifi/fastplong",
                "ccs_hifi/fastplong/ccs_hifi.fastplong.html",
                "ccs_hifi/fastplong/ccs_hifi.fastplong.json",
                "ccs_hifi/fastplong/ccs_hifi.fastplong.log",
                "ccs_hifi/nanoplot",
                "ccs_hifi/nanoplot/LengthvsQualityScatterPlot_dot.html",
                "ccs_hifi/nanoplot/LengthvsQualityScatterPlot_dot.png",
                "ccs_hifi/nanoplot/LengthvsQualityScatterPlot_kde.html",
                "ccs_hifi/nanoplot/LengthvsQualityScatterPlot_kde.png",
                "ccs_hifi/nanoplot/NanoPlot-report.html",
                "ccs_hifi/nanoplot/NanoPlot_20260813_1648.log",
                "ccs_hifi/nanoplot/NanoStats.txt",
                "ccs_hifi/nanoplot/Non_weightedHistogramReadlength.html",
                "ccs_hifi/nanoplot/Non_weightedHistogramReadlength.png",
                "ccs_hifi/nanoplot/Non_weightedLogTransformed_HistogramReadlength.html",
                "ccs_hifi/nanoplot/Non_weightedLogTransformed_HistogramReadlength.png",
                "ccs_hifi/nanoplot/WeightedHistogramReadlength.html",
                "ccs_hifi/nanoplot/WeightedHistogramReadlength.png",
                "ccs_hifi/nanoplot/WeightedLogTransformed_HistogramReadlength.html",
                "ccs_hifi/nanoplot/WeightedLogTransformed_HistogramReadlength.png",
                "ccs_hifi/nanoplot/Yield_By_Length.html",
                "ccs_hifi/nanoplot/Yield_By_Length.png",
                "ccs_unaligned",
                "ccs_unaligned/mosdepth",
                "ccs_unaligned/mosdepth/ccs_unaligned.mosdepth.global.dist.txt",
                "ccs_unaligned/mosdepth/ccs_unaligned.mosdepth.summary.txt",
                "ccs_unaligned/samtools_stats",
                "ccs_unaligned/samtools_stats/ccs_unaligned.stats",
                "multiqc",
                "multiqc/multiqc_data",
                "multiqc/multiqc_data/bcftools-stats-subtypes.txt",
                "multiqc/multiqc_data/bcftools_stats_indel-lengths.txt",
                "multiqc/multiqc_data/bcftools_stats_variant_depths.txt",
                "multiqc/multiqc_data/bcftools_stats_vqc_Count_Indels.txt",
                "multiqc/multiqc_data/bcftools_stats_vqc_Count_SNP.txt",
                "multiqc/multiqc_data/bcftools_stats_vqc_Count_Transitions.txt",
                "multiqc/multiqc_data/bcftools_stats_vqc_Count_Transversions.txt",
                "multiqc/multiqc_data/fastp-insert-size-plot.txt",
                "multiqc/multiqc_data/fastp-seq-content-gc-plot_Read_1_After_filtering.txt",
                "multiqc/multiqc_data/fastp-seq-content-gc-plot_Read_1_Before_filtering.txt",
                "multiqc/multiqc_data/fastp-seq-content-gc-plot_Read_2_After_filtering.txt",
                "multiqc/multiqc_data/fastp-seq-content-gc-plot_Read_2_Before_filtering.txt",
                "multiqc/multiqc_data/fastp-seq-content-n-plot_Read_1_After_filtering.txt",
                "multiqc/multiqc_data/fastp-seq-content-n-plot_Read_1_Before_filtering.txt",
                "multiqc/multiqc_data/fastp-seq-content-n-plot_Read_2_After_filtering.txt",
                "multiqc/multiqc_data/fastp-seq-content-n-plot_Read_2_Before_filtering.txt",
                "multiqc/multiqc_data/fastp-seq-quality-plot_Read_1_After_filtering.txt",
                "multiqc/multiqc_data/fastp-seq-quality-plot_Read_1_Before_filtering.txt",
                "multiqc/multiqc_data/fastp-seq-quality-plot_Read_2_After_filtering.txt",
                "multiqc/multiqc_data/fastp-seq-quality-plot_Read_2_Before_filtering.txt",
                "multiqc/multiqc_data/fastp_filtered_reads_plot.txt",
                "multiqc/multiqc_data/llms-full.txt",
                "multiqc/multiqc_data/mosdepth-coverage-per-contig-multi.txt",
                "multiqc/multiqc_data/mosdepth-cumcoverage-dist-id.txt",
                "multiqc/multiqc_data/mosdepth_cov_dist.txt",
                "multiqc/multiqc_data/mosdepth_cumcov_dist.txt",
                "multiqc/multiqc_data/mosdepth_perchrom.txt",
                "multiqc/multiqc_data/multiqc.log",
                "multiqc/multiqc_data/multiqc.parquet",
                "multiqc/multiqc_data/multiqc_bcftools_stats.txt",
                "multiqc/multiqc_data/multiqc_citations.txt",
                "multiqc/multiqc_data/multiqc_cramino.txt",
                "multiqc/multiqc_data/multiqc_data.json",
                "multiqc/multiqc_data/multiqc_fastp.txt",
                "multiqc/multiqc_data/multiqc_general_stats.txt",
                "multiqc/multiqc_data/multiqc_nanostat.txt",
                "multiqc/multiqc_data/multiqc_samtools_stats.txt",
                "multiqc/multiqc_data/multiqc_software_versions.txt",
                "multiqc/multiqc_data/multiqc_sources.txt",
                "multiqc/multiqc_data/nanostat_fastq_stats_table.txt",
                "multiqc/multiqc_data/nanostat_quality_dist.txt",
                "multiqc/multiqc_data/samtools-stats-dp.txt",
                "multiqc/multiqc_data/samtools_alignment_plot.txt",
                "multiqc/multiqc_plots",
                "multiqc/multiqc_plots/pdf",
                "multiqc/multiqc_plots/pdf/bcftools-stats-subtypes-cnt.pdf",
                "multiqc/multiqc_plots/pdf/bcftools-stats-subtypes-pct.pdf",
                "multiqc/multiqc_plots/pdf/bcftools_stats_indel-lengths-cnt.pdf",
                "multiqc/multiqc_plots/pdf/bcftools_stats_indel-lengths-log.pdf",
                "multiqc/multiqc_plots/pdf/bcftools_stats_variant_depths.pdf",
                "multiqc/multiqc_plots/pdf/bcftools_stats_vqc_Count_Indels.pdf",
                "multiqc/multiqc_plots/pdf/bcftools_stats_vqc_Count_SNP.pdf",
                "multiqc/multiqc_plots/pdf/bcftools_stats_vqc_Count_Transitions.pdf",
                "multiqc/multiqc_plots/pdf/bcftools_stats_vqc_Count_Transversions.pdf",
                "multiqc/multiqc_plots/pdf/cramino.pdf",
                "multiqc/multiqc_plots/pdf/fastp-insert-size-plot.pdf",
                "multiqc/multiqc_plots/pdf/fastp-seq-content-gc-plot_Read_1_After_filtering.pdf",
                "multiqc/multiqc_plots/pdf/fastp-seq-content-gc-plot_Read_1_Before_filtering.pdf",
                "multiqc/multiqc_plots/pdf/fastp-seq-content-gc-plot_Read_2_After_filtering.pdf",
                "multiqc/multiqc_plots/pdf/fastp-seq-content-gc-plot_Read_2_Before_filtering.pdf",
                "multiqc/multiqc_plots/pdf/fastp-seq-content-n-plot_Read_1_After_filtering.pdf",
                "multiqc/multiqc_plots/pdf/fastp-seq-content-n-plot_Read_1_Before_filtering.pdf",
                "multiqc/multiqc_plots/pdf/fastp-seq-content-n-plot_Read_2_After_filtering.pdf",
                "multiqc/multiqc_plots/pdf/fastp-seq-content-n-plot_Read_2_Before_filtering.pdf",
                "multiqc/multiqc_plots/pdf/fastp-seq-quality-plot_Read_1_After_filtering.pdf",
                "multiqc/multiqc_plots/pdf/fastp-seq-quality-plot_Read_1_Before_filtering.pdf",
                "multiqc/multiqc_plots/pdf/fastp-seq-quality-plot_Read_2_After_filtering.pdf",
                "multiqc/multiqc_plots/pdf/fastp-seq-quality-plot_Read_2_Before_filtering.pdf",
                "multiqc/multiqc_plots/pdf/fastp_filtered_reads_plot-cnt.pdf",
                "multiqc/multiqc_plots/pdf/fastp_filtered_reads_plot-pct.pdf",
                "multiqc/multiqc_plots/pdf/mosdepth-coverage-per-contig-multi-cnt.pdf",
                "multiqc/multiqc_plots/pdf/mosdepth-coverage-per-contig-multi-log.pdf",
                "multiqc/multiqc_plots/pdf/mosdepth-cumcoverage-dist-id.pdf",
                "multiqc/multiqc_plots/pdf/nanostat_fastq_stats_table.pdf",
                "multiqc/multiqc_plots/pdf/nanostat_quality_dist-cnt.pdf",
                "multiqc/multiqc_plots/pdf/nanostat_quality_dist-pct.pdf",
                "multiqc/multiqc_plots/pdf/samtools-stats-dp.pdf",
                "multiqc/multiqc_plots/pdf/samtools_alignment_plot-cnt.pdf",
                "multiqc/multiqc_plots/pdf/samtools_alignment_plot-pct.pdf",
                "multiqc/multiqc_plots/png",
                "multiqc/multiqc_plots/png/bcftools-stats-subtypes-cnt.png",
                "multiqc/multiqc_plots/png/bcftools-stats-subtypes-pct.png",
                "multiqc/multiqc_plots/png/bcftools_stats_indel-lengths-cnt.png",
                "multiqc/multiqc_plots/png/bcftools_stats_indel-lengths-log.png",
                "multiqc/multiqc_plots/png/bcftools_stats_variant_depths.png",
                "multiqc/multiqc_plots/png/bcftools_stats_vqc_Count_Indels.png",
                "multiqc/multiqc_plots/png/bcftools_stats_vqc_Count_SNP.png",
                "multiqc/multiqc_plots/png/bcftools_stats_vqc_Count_Transitions.png",
                "multiqc/multiqc_plots/png/bcftools_stats_vqc_Count_Transversions.png",
                "multiqc/multiqc_plots/png/cramino.png",
                "multiqc/multiqc_plots/png/fastp-insert-size-plot.png",
                "multiqc/multiqc_plots/png/fastp-seq-content-gc-plot_Read_1_After_filtering.png",
                "multiqc/multiqc_plots/png/fastp-seq-content-gc-plot_Read_1_Before_filtering.png",
                "multiqc/multiqc_plots/png/fastp-seq-content-gc-plot_Read_2_After_filtering.png",
                "multiqc/multiqc_plots/png/fastp-seq-content-gc-plot_Read_2_Before_filtering.png",
                "multiqc/multiqc_plots/png/fastp-seq-content-n-plot_Read_1_After_filtering.png",
                "multiqc/multiqc_plots/png/fastp-seq-content-n-plot_Read_1_Before_filtering.png",
                "multiqc/multiqc_plots/png/fastp-seq-content-n-plot_Read_2_After_filtering.png",
                "multiqc/multiqc_plots/png/fastp-seq-content-n-plot_Read_2_Before_filtering.png",
                "multiqc/multiqc_plots/png/fastp-seq-quality-plot_Read_1_After_filtering.png",
                "multiqc/multiqc_plots/png/fastp-seq-quality-plot_Read_1_Before_filtering.png",
                "multiqc/multiqc_plots/png/fastp-seq-quality-plot_Read_2_After_filtering.png",
                "multiqc/multiqc_plots/png/fastp-seq-quality-plot_Read_2_Before_filtering.png",
                "multiqc/multiqc_plots/png/fastp_filtered_reads_plot-cnt.png",
                "multiqc/multiqc_plots/png/fastp_filtered_reads_plot-pct.png",
                "multiqc/multiqc_plots/png/mosdepth-coverage-per-contig-multi-cnt.png",
                "multiqc/multiqc_plots/png/mosdepth-coverage-per-contig-multi-log.png",
                "multiqc/multiqc_plots/png/mosdepth-cumcoverage-dist-id.png",
                "multiqc/multiqc_plots/png/nanostat_fastq_stats_table.png",
                "multiqc/multiqc_plots/png/nanostat_quality_dist-cnt.png",
                "multiqc/multiqc_plots/png/nanostat_quality_dist-pct.png",
                "multiqc/multiqc_plots/png/samtools-stats-dp.png",
                "multiqc/multiqc_plots/png/samtools_alignment_plot-cnt.png",
                "multiqc/multiqc_plots/png/samtools_alignment_plot-pct.png",
                "multiqc/multiqc_plots/svg",
                "multiqc/multiqc_plots/svg/bcftools-stats-subtypes-cnt.svg",
                "multiqc/multiqc_plots/svg/bcftools-stats-subtypes-pct.svg",
                "multiqc/multiqc_plots/svg/bcftools_stats_indel-lengths-cnt.svg",
                "multiqc/multiqc_plots/svg/bcftools_stats_indel-lengths-log.svg",
                "multiqc/multiqc_plots/svg/bcftools_stats_variant_depths.svg",
                "multiqc/multiqc_plots/svg/bcftools_stats_vqc_Count_Indels.svg",
                "multiqc/multiqc_plots/svg/bcftools_stats_vqc_Count_SNP.svg",
                "multiqc/multiqc_plots/svg/bcftools_stats_vqc_Count_Transitions.svg",
                "multiqc/multiqc_plots/svg/bcftools_stats_vqc_Count_Transversions.svg",
                "multiqc/multiqc_plots/svg/cramino.svg",
                "multiqc/multiqc_plots/svg/fastp-insert-size-plot.svg",
                "multiqc/multiqc_plots/svg/fastp-seq-content-gc-plot_Read_1_After_filtering.svg",
                "multiqc/multiqc_plots/svg/fastp-seq-content-gc-plot_Read_1_Before_filtering.svg",
                "multiqc/multiqc_plots/svg/fastp-seq-content-gc-plot_Read_2_After_filtering.svg",
                "multiqc/multiqc_plots/svg/fastp-seq-content-gc-plot_Read_2_Before_filtering.svg",
                "multiqc/multiqc_plots/svg/fastp-seq-content-n-plot_Read_1_After_filtering.svg",
                "multiqc/multiqc_plots/svg/fastp-seq-content-n-plot_Read_1_Before_filtering.svg",
                "multiqc/multiqc_plots/svg/fastp-seq-content-n-plot_Read_2_After_filtering.svg",
                "multiqc/multiqc_plots/svg/fastp-seq-content-n-plot_Read_2_Before_filtering.svg",
                "multiqc/multiqc_plots/svg/fastp-seq-quality-plot_Read_1_After_filtering.svg",
                "multiqc/multiqc_plots/svg/fastp-seq-quality-plot_Read_1_Before_filtering.svg",
                "multiqc/multiqc_plots/svg/fastp-seq-quality-plot_Read_2_After_filtering.svg",
                "multiqc/multiqc_plots/svg/fastp-seq-quality-plot_Read_2_Before_filtering.svg",
                "multiqc/multiqc_plots/svg/fastp_filtered_reads_plot-cnt.svg",
                "multiqc/multiqc_plots/svg/fastp_filtered_reads_plot-pct.svg",
                "multiqc/multiqc_plots/svg/mosdepth-coverage-per-contig-multi-cnt.svg",
                "multiqc/multiqc_plots/svg/mosdepth-coverage-per-contig-multi-log.svg",
                "multiqc/multiqc_plots/svg/mosdepth-cumcoverage-dist-id.svg",
                "multiqc/multiqc_plots/svg/nanostat_fastq_stats_table.svg",
                "multiqc/multiqc_plots/svg/nanostat_quality_dist-cnt.svg",
                "multiqc/multiqc_plots/svg/nanostat_quality_dist-pct.svg",
                "multiqc/multiqc_plots/svg/samtools-stats-dp.svg",
                "multiqc/multiqc_plots/svg/samtools_alignment_plot-cnt.svg",
                "multiqc/multiqc_plots/svg/samtools_alignment_plot-pct.svg",
                "multiqc/multiqc_report.html",
                "multiqc_mapper",
                "multiqc_mapper/qc_metrics_unified.tsv",
                "pipeline_info",
                "pipeline_info/qc_software_mqc_versions.yml",
                "test_rna",
                "test_rna/bcftools_stats",
                "test_rna/bcftools_stats/test_rna.bcftools_stats.txt",
                "test_rna/fastp",
                "test_rna/fastp/test_rna.fastp.html",
                "test_rna/fastp/test_rna.fastp.json",
                "test_rna/fastp/test_rna.fastp.log"
            ],
            [
                "ERR188383.stats:md5,b7f15b5cf1c16ead68ce0b69108ead62",
                "ERR188454.stats:md5,b6bdd7301b388386b020cb7c90d74af5",
                "MCF7_1.fastplong.html:md5,95ef31443a4c2e85a63d4127c51bcf7c",
                "MCF7_1.fastplong.json:md5,a9d33022a967e244c9605ac6fce5a527",
                "MCF7_1.fastplong.log:md5,adf2f819e8b442b0da21c9e717288df8",
                "LengthvsQualityScatterPlot_dot.html:md5,d9ae03ec1d84139f9c3c284bf7480014",
                "LengthvsQualityScatterPlot_dot.png:md5,c2e48191d6a0247bdbaab122a33b2f9a",
                "LengthvsQualityScatterPlot_kde.html:md5,07ab4932c46b4fe2e4d1c93f4c4ab731",
                "LengthvsQualityScatterPlot_kde.png:md5,eaee7c9ef97656d67a8443d78c0df806",
                "NanoPlot-report.html:md5,5999f6491221a29110d9e50924c02360",
                "NanoPlot_20260813_1648.log:md5,46667f6d41e50b26cb5edbd06c2f74f9",
                "NanoStats.txt:md5,6fa11ac2d79f53fb3fdf0b927c0ffa69",
                "Non_weightedHistogramReadlength.html:md5,dea0847d57214220277de56a46090792",
                "Non_weightedHistogramReadlength.png:md5,600045bcbe30d711ec1f6fc35e121c14",
                "Non_weightedLogTransformed_HistogramReadlength.html:md5,e81f76d534b59288e932a3bbe378a81a",
                "Non_weightedLogTransformed_HistogramReadlength.png:md5,67727a3530ce46464006b93a8f9d4aa8",
                "WeightedHistogramReadlength.html:md5,eea9d382ff76aa0eed45b01882351105",
                "WeightedHistogramReadlength.png:md5,6e04a793741418c36406926a88983858",
                "WeightedLogTransformed_HistogramReadlength.html:md5,84115d030f0e3d39ec680c9492e729b6",
                "WeightedLogTransformed_HistogramReadlength.png:md5,bf86f0dc81dc37067099cfd567927ba6",
                "Yield_By_Length.html:md5,3653a6cfe45b5f5e5aeaeb07f70f0b24",
                "Yield_By_Length.png:md5,30d87ae587f5bb84aedcddf2a3e040e3",
                "MCF7_1.tsv:md5,453b95dc1a2fe13de753f8ca540dda1b",
                "OSMOTIC_STRESS_T0_PE.fastp.html:md5,e2034865b174724c8c113f91aeeab707",
                "OSMOTIC_STRESS_T0_PE.fastp.json:md5,99e7feeb3baa72e9a2d55612c224bec1",
                "OSMOTIC_STRESS_T0_PE.fastp.log:md5,6a891b2b2a524762f241a35a45b1ca8f",
                "OSMOTIC_STRESS_T100_SE.fastp.html:md5,119f84924d90839c5ca0d858c40b21b7",
                "OSMOTIC_STRESS_T100_SE.fastp.json:md5,159fb17ca79726fa4abbd431c8cac5df",
                "OSMOTIC_STRESS_T100_SE.fastp.log:md5,b9804e27be75796ec3b71165f116cbc0",
                "SRR389222_sub1.fastp.html:md5,d46cf31c2d9769d1463566c7e6006db0",
                "SRR389222_sub1.fastp.json:md5,80c1439ba34a4b30e3342fe5d7db8370",
                "SRR389222_sub1.fastp.log:md5,7c2bf69e2026fa18869b57d2c607837f",
                "SRR389222_sub2.fastp.html:md5,e4da61705e6d34c8be26a08b31420659",
                "SRR389222_sub2.fastp.json:md5,78f1254c446a78bb665204f1c62f7432",
                "SRR389222_sub2.fastp.log:md5,468d399af9b8581fd334d2ee31d5e464",
                "WES_LL_N_2.mosdepth.global.dist.txt:md5,994eb8d102d78c8f5e4e01ed14641c42",
                "WES_LL_N_2.mosdepth.summary.txt:md5,aab8fcf098ead2d188d94742873956c8",
                "WES_LL_N_2.stats:md5,70517520b40d4f41c46cd6c4e19da805",
                "WES_LL_N_3.mosdepth.global.dist.txt:md5,994eb8d102d78c8f5e4e01ed14641c42",
                "WES_LL_N_3.mosdepth.summary.txt:md5,aab8fcf098ead2d188d94742873956c8",
                "WES_LL_N_3.stats:md5,70517520b40d4f41c46cd6c4e19da805",
                "WES_LL_T_2.mosdepth.global.dist.txt:md5,994eb8d102d78c8f5e4e01ed14641c42",
                "WES_LL_T_2.mosdepth.summary.txt:md5,e914878223992183c9486c8e8563a33d",
                "WES_LL_T_2.stats:md5,527923ea2e4cec038628613a300d898a",
                "WES_LL_T_3.mosdepth.global.dist.txt:md5,994eb8d102d78c8f5e4e01ed14641c42",
                "WES_LL_T_3.mosdepth.summary.txt:md5,e914878223992183c9486c8e8563a33d",
                "WES_LL_T_3.stats:md5,527923ea2e4cec038628613a300d898a",
                "ccs_bam.mosdepth.global.dist.txt:md5,c9cffafd365a9cdd8bd7494305a82a22",
                "ccs_bam.mosdepth.summary.txt:md5,9c8741ae7719cd51cc8fbe6296b2eb39",
                "ccs_bam.stats:md5,ff03957dd6aea386f4e2885cca87ac1a",
                "ccs_fastq.fastplong.html:md5,cde7afaab3704e38460c79ac6f3fa76e",
                "ccs_fastq.fastplong.json:md5,78ad7d563bad646a3811c4d9a393e6e4",
                "ccs_fastq.fastplong.log:md5,f665239e87bce84d41cfa7712de72a18",
                "LengthvsQualityScatterPlot_dot.html:md5,5cfe567866c5b323318b1098a2db7c3a",
                "LengthvsQualityScatterPlot_dot.png:md5,3943272b85a7f8ad1132ac51b1e23438",
                "LengthvsQualityScatterPlot_kde.html:md5,0124b4497143fd7c18a55434cf6951bf",
                "LengthvsQualityScatterPlot_kde.png:md5,eaee7c9ef97656d67a8443d78c0df806",
                "NanoPlot-report.html:md5,1de8b148f4bf1cec309a603c5dcbc222",
                "NanoPlot_20260813_1648.log:md5,c9bae09ad8b05a1e755d3a4929afe598",
                "NanoStats.txt:md5,2f34bd7156993c0546d218bcb157f876",
                "Non_weightedHistogramReadlength.html:md5,44f7f3b342c40f96465aa63c5acad985",
                "Non_weightedHistogramReadlength.png:md5,600045bcbe30d711ec1f6fc35e121c14",
                "Non_weightedLogTransformed_HistogramReadlength.html:md5,6b5f7e79aebbf3b500d7d5842e0f877d",
                "Non_weightedLogTransformed_HistogramReadlength.png:md5,67727a3530ce46464006b93a8f9d4aa8",
                "WeightedHistogramReadlength.html:md5,b5720f1674169a07d3032c8b3ac4b720",
                "WeightedHistogramReadlength.png:md5,6e04a793741418c36406926a88983858",
                "WeightedLogTransformed_HistogramReadlength.html:md5,e8a28f79c2437052dbbdca2080d8b70a",
                "WeightedLogTransformed_HistogramReadlength.png:md5,bf86f0dc81dc37067099cfd567927ba6",
                "Yield_By_Length.html:md5,0fb881c6b89745ea7be3f3d140f7756c",
                "Yield_By_Length.png:md5,30d87ae587f5bb84aedcddf2a3e040e3",
                "ccs_hifi.fastplong.html:md5,a1e947ca3bb92db307bea47d8da93212",
                "ccs_hifi.fastplong.json:md5,1a2115337c130d25ef833e8fbb872ecc",
                "ccs_hifi.fastplong.log:md5,6869ab29abdd3a65827f366527ebb42b",
                "LengthvsQualityScatterPlot_dot.html:md5,274b13fade59631136eb630946ef3654",
                "LengthvsQualityScatterPlot_dot.png:md5,17809d4d2e295425c6b221a53bbcfeac",
                "LengthvsQualityScatterPlot_kde.html:md5,4ec3577b8f3c69a07876ba237ddd44ad",
                "LengthvsQualityScatterPlot_kde.png:md5,eaee7c9ef97656d67a8443d78c0df806",
                "NanoPlot-report.html:md5,0f9cd24a7c16edc6561e608e34c927b1",
                "NanoPlot_20260813_1648.log:md5,74a7ee321ed77e4649372c8e12a3877a",
                "NanoStats.txt:md5,b3655ea28a7296223e0ce225aad6db28",
                "Non_weightedHistogramReadlength.html:md5,cea2152680a0d0347ab2e69075c94519",
                "Non_weightedHistogramReadlength.png:md5,600045bcbe30d711ec1f6fc35e121c14",
                "Non_weightedLogTransformed_HistogramReadlength.html:md5,4a3276c8a35f18de6d199ad4598c68f4",
                "Non_weightedLogTransformed_HistogramReadlength.png:md5,67727a3530ce46464006b93a8f9d4aa8",
                "WeightedHistogramReadlength.html:md5,e92f8d69075c781bc6efdf0a2c21a565",
                "WeightedHistogramReadlength.png:md5,6e04a793741418c36406926a88983858",
                "WeightedLogTransformed_HistogramReadlength.html:md5,aa52246325fb57d0cb60b8ed4561b7a3",
                "WeightedLogTransformed_HistogramReadlength.png:md5,bf86f0dc81dc37067099cfd567927ba6",
                "Yield_By_Length.html:md5,0b5d5d99a223ffc18a064147413401d4",
                "Yield_By_Length.png:md5,30d87ae587f5bb84aedcddf2a3e040e3",
                "ccs_unaligned.mosdepth.global.dist.txt:md5,d41d8cd98f00b204e9800998ecf8427e",
                "ccs_unaligned.mosdepth.summary.txt:md5,323a89864de60ef874c560e926830851",
                "ccs_unaligned.stats:md5,e07a5438922f0c5b05b4a14fc5ade506",
                "bcftools-stats-subtypes.txt:md5,35244c84ae62dac312f431e418058106",
                "bcftools_stats_indel-lengths.txt:md5,4b2b7a42f9d702495fd4529ec860934a",
                "bcftools_stats_variant_depths.txt:md5,be8089107a89d1ae71f36e73ececa475",
                "bcftools_stats_vqc_Count_Indels.txt:md5,b67cf9d97a3ead35d0893ab0a8ba1ff5",
                "bcftools_stats_vqc_Count_SNP.txt:md5,44e6d225940d2f143fd76330a93fcf13",
                "bcftools_stats_vqc_Count_Transitions.txt:md5,17c27db4f773b8eeaf9f931d84650434",
                "bcftools_stats_vqc_Count_Transversions.txt:md5,fc1ed08cc89710eac690d7bc3391d3e1",
                "fastp-insert-size-plot.txt:md5,ac5942fd6c1f26248c8a59f3a518d566",
                "fastp-seq-content-gc-plot_Read_1_After_filtering.txt:md5,8593a1564d8f99910f25ef3cca2ce6cb",
                "fastp-seq-content-gc-plot_Read_1_Before_filtering.txt:md5,f6bd89156668286326e4f45d55c771e9",
                "fastp-seq-content-gc-plot_Read_2_After_filtering.txt:md5,dcbc2723521f466216721a51ca29eb7c",
                "fastp-seq-content-gc-plot_Read_2_Before_filtering.txt:md5,70d5ee95e530901f1d7b98d175fe4fd9",
                "fastp-seq-content-n-plot_Read_1_After_filtering.txt:md5,f2b2440dc87907c6ea1270638dd63212",
                "fastp-seq-content-n-plot_Read_1_Before_filtering.txt:md5,f15469389370f7b27883054b2f2c5e7d",
                "fastp-seq-content-n-plot_Read_2_After_filtering.txt:md5,4673d7b217df961cbaa5444d021dff09",
                "fastp-seq-content-n-plot_Read_2_Before_filtering.txt:md5,7c9002b271842cac3c58a51e929bf3b4",
                "fastp-seq-quality-plot_Read_1_After_filtering.txt:md5,f28b5e9b57841f42b8d8d8354d40faa0",
                "fastp-seq-quality-plot_Read_1_Before_filtering.txt:md5,fac3bafabb3111ad9bd8e1da7b8bd1e4",
                "fastp-seq-quality-plot_Read_2_After_filtering.txt:md5,4c8a0517485ac203a99b777ab6e2c16e",
                "fastp-seq-quality-plot_Read_2_Before_filtering.txt:md5,59954e3231dd991764aa341d972a063f",
                "fastp_filtered_reads_plot.txt:md5,332b2fa0a8469012c43e1e897c2fb9e7",
                "mosdepth-coverage-per-contig-multi.txt:md5,2bf8cb1172c6dea696c7c1636cfe444c",
                "mosdepth-cumcoverage-dist-id.txt:md5,38f8664f5b4105ad3ceff9ef5afc9056",
                "mosdepth_cov_dist.txt:md5,c44ccf718f20831f45d65125eb372682",
                "mosdepth_cumcov_dist.txt:md5,c44ccf718f20831f45d65125eb372682",
                "mosdepth_perchrom.txt:md5,9509624e10d98455cb1d96de94cc91cd",
                "multiqc_bcftools_stats.txt:md5,3e0a3b996315227d9bcdecd0190d5923",
                "multiqc_citations.txt:md5,57601f1684cf0283c295cc679a4b9317",
                "multiqc_cramino.txt:md5,6774f64242f55b40aa9eeb579e61e3cd",
                "multiqc_fastp.txt:md5,1bdd9334e7fee062744ac7feda06cdcc",
                "multiqc_general_stats.txt:md5,eb2e4dd12e0b05c830b18e0ade46c060",
                "multiqc_nanostat.txt:md5,fa82eb718622e1fba95fe800e55cdad3",
                "multiqc_samtools_stats.txt:md5,e5cb04a50f3c6eaf8b33fb78eb12b494",
                "nanostat_fastq_stats_table.txt:md5,a36459395c6c2e53773bc945117732aa",
                "nanostat_quality_dist.txt:md5,680c9a685a937b51a476bbf2cfb98715",
                "samtools-stats-dp.txt:md5,0ae48e1c3a178fdac4260ca44470e086",
                "samtools_alignment_plot.txt:md5,f8f1c2088179c77dea9fce19822cdd49",
                "qc_metrics_unified.tsv:md5,207164f6a5246832982288ee01c1fec7",
                "test_rna.bcftools_stats.txt:md5,6f25101271c90ccf0d5dac0137995a9b",
                "test_rna.fastp.html:md5,03ceeeb9d10b8e8b06c77ee2b9c2cc19",
                "test_rna.fastp.json:md5,8a3a48714483a889e637b1d84ab8a602",
                "test_rna.fastp.log:md5,7d0e47feaca6e44ec922c7e16eb2173a"
            ]
        ],
        "timestamp": "2026-08-13T16:48:59.962766656",
        "meta": {
            "nf-test": "0.9.4",
            "nextflow": "25.10.4"
        }
    }
}