{
    "test wgs": {
        "content": [
            12,
            {
                "FASTP": {
                    "fastp": "0.24.0"
                },
                "MOSDEPTH": {
                    "mosdepth": "0.3.10"
                },
                "SAMTOOLS_STATS_BAMS": {
                    "samtools": 1.21
                },
                "Workflow": {
                    "GHGA AQuA": "v1.0.0dev"
                }
            },
            [
                "multiqc",
                "multiqc/multiqc_data",
                "multiqc/multiqc_data/fastp-insert-size-plot.txt",
                "multiqc/multiqc_data/fastp-seq-content-gc-plot_Read_1_After_filtering.txt",
                "multiqc/multiqc_data/fastp-seq-content-gc-plot_Read_1_Before_filtering.txt",
                "multiqc/multiqc_data/fastp-seq-content-gc-plot_Read_2_After_filtering.txt",
                "multiqc/multiqc_data/fastp-seq-content-gc-plot_Read_2_Before_filtering.txt",
                "multiqc/multiqc_data/fastp-seq-content-n-plot_Read_1_After_filtering.txt",
                "multiqc/multiqc_data/fastp-seq-content-n-plot_Read_1_Before_filtering.txt",
                "multiqc/multiqc_data/fastp-seq-content-n-plot_Read_2_After_filtering.txt",
                "multiqc/multiqc_data/fastp-seq-content-n-plot_Read_2_Before_filtering.txt",
                "multiqc/multiqc_data/fastp-seq-quality-plot_Read_1_After_filtering.txt",
                "multiqc/multiqc_data/fastp-seq-quality-plot_Read_1_Before_filtering.txt",
                "multiqc/multiqc_data/fastp-seq-quality-plot_Read_2_After_filtering.txt",
                "multiqc/multiqc_data/fastp-seq-quality-plot_Read_2_Before_filtering.txt",
                "multiqc/multiqc_data/fastp_filtered_reads_plot.txt",
                "multiqc/multiqc_data/llms-full.txt",
                "multiqc/multiqc_data/mosdepth-coverage-per-contig-single.txt",
                "multiqc/multiqc_data/mosdepth-cumcoverage-dist-id.txt",
                "multiqc/multiqc_data/mosdepth_cov_dist.txt",
                "multiqc/multiqc_data/mosdepth_cumcov_dist.txt",
                "multiqc/multiqc_data/mosdepth_perchrom.txt",
                "multiqc/multiqc_data/multiqc.log",
                "multiqc/multiqc_data/multiqc.parquet",
                "multiqc/multiqc_data/multiqc_citations.txt",
                "multiqc/multiqc_data/multiqc_data.json",
                "multiqc/multiqc_data/multiqc_fastp.txt",
                "multiqc/multiqc_data/multiqc_general_stats.txt",
                "multiqc/multiqc_data/multiqc_samtools_stats.txt",
                "multiqc/multiqc_data/multiqc_software_versions.txt",
                "multiqc/multiqc_data/multiqc_sources.txt",
                "multiqc/multiqc_data/samtools-stats-dp.txt",
                "multiqc/multiqc_data/samtools_alignment_plot.txt",
                "multiqc/multiqc_plots",
                "multiqc/multiqc_plots/pdf",
                "multiqc/multiqc_plots/pdf/fastp-insert-size-plot.pdf",
                "multiqc/multiqc_plots/pdf/fastp-seq-content-gc-plot_Read_1_After_filtering.pdf",
                "multiqc/multiqc_plots/pdf/fastp-seq-content-gc-plot_Read_1_Before_filtering.pdf",
                "multiqc/multiqc_plots/pdf/fastp-seq-content-gc-plot_Read_2_After_filtering.pdf",
                "multiqc/multiqc_plots/pdf/fastp-seq-content-gc-plot_Read_2_Before_filtering.pdf",
                "multiqc/multiqc_plots/pdf/fastp-seq-content-n-plot_Read_1_After_filtering.pdf",
                "multiqc/multiqc_plots/pdf/fastp-seq-content-n-plot_Read_1_Before_filtering.pdf",
                "multiqc/multiqc_plots/pdf/fastp-seq-content-n-plot_Read_2_After_filtering.pdf",
                "multiqc/multiqc_plots/pdf/fastp-seq-content-n-plot_Read_2_Before_filtering.pdf",
                "multiqc/multiqc_plots/pdf/fastp-seq-quality-plot_Read_1_After_filtering.pdf",
                "multiqc/multiqc_plots/pdf/fastp-seq-quality-plot_Read_1_Before_filtering.pdf",
                "multiqc/multiqc_plots/pdf/fastp-seq-quality-plot_Read_2_After_filtering.pdf",
                "multiqc/multiqc_plots/pdf/fastp-seq-quality-plot_Read_2_Before_filtering.pdf",
                "multiqc/multiqc_plots/pdf/fastp_filtered_reads_plot-cnt.pdf",
                "multiqc/multiqc_plots/pdf/fastp_filtered_reads_plot-pct.pdf",
                "multiqc/multiqc_plots/pdf/mosdepth-coverage-per-contig-single-cnt.pdf",
                "multiqc/multiqc_plots/pdf/mosdepth-coverage-per-contig-single-pct.pdf",
                "multiqc/multiqc_plots/pdf/mosdepth-cumcoverage-dist-id.pdf",
                "multiqc/multiqc_plots/pdf/samtools-stats-dp.pdf",
                "multiqc/multiqc_plots/pdf/samtools_alignment_plot-cnt.pdf",
                "multiqc/multiqc_plots/pdf/samtools_alignment_plot-pct.pdf",
                "multiqc/multiqc_plots/png",
                "multiqc/multiqc_plots/png/fastp-insert-size-plot.png",
                "multiqc/multiqc_plots/png/fastp-seq-content-gc-plot_Read_1_After_filtering.png",
                "multiqc/multiqc_plots/png/fastp-seq-content-gc-plot_Read_1_Before_filtering.png",
                "multiqc/multiqc_plots/png/fastp-seq-content-gc-plot_Read_2_After_filtering.png",
                "multiqc/multiqc_plots/png/fastp-seq-content-gc-plot_Read_2_Before_filtering.png",
                "multiqc/multiqc_plots/png/fastp-seq-content-n-plot_Read_1_After_filtering.png",
                "multiqc/multiqc_plots/png/fastp-seq-content-n-plot_Read_1_Before_filtering.png",
                "multiqc/multiqc_plots/png/fastp-seq-content-n-plot_Read_2_After_filtering.png",
                "multiqc/multiqc_plots/png/fastp-seq-content-n-plot_Read_2_Before_filtering.png",
                "multiqc/multiqc_plots/png/fastp-seq-quality-plot_Read_1_After_filtering.png",
                "multiqc/multiqc_plots/png/fastp-seq-quality-plot_Read_1_Before_filtering.png",
                "multiqc/multiqc_plots/png/fastp-seq-quality-plot_Read_2_After_filtering.png",
                "multiqc/multiqc_plots/png/fastp-seq-quality-plot_Read_2_Before_filtering.png",
                "multiqc/multiqc_plots/png/fastp_filtered_reads_plot-cnt.png",
                "multiqc/multiqc_plots/png/fastp_filtered_reads_plot-pct.png",
                "multiqc/multiqc_plots/png/mosdepth-coverage-per-contig-single-cnt.png",
                "multiqc/multiqc_plots/png/mosdepth-coverage-per-contig-single-pct.png",
                "multiqc/multiqc_plots/png/mosdepth-cumcoverage-dist-id.png",
                "multiqc/multiqc_plots/png/samtools-stats-dp.png",
                "multiqc/multiqc_plots/png/samtools_alignment_plot-cnt.png",
                "multiqc/multiqc_plots/png/samtools_alignment_plot-pct.png",
                "multiqc/multiqc_plots/svg",
                "multiqc/multiqc_plots/svg/fastp-insert-size-plot.svg",
                "multiqc/multiqc_plots/svg/fastp-seq-content-gc-plot_Read_1_After_filtering.svg",
                "multiqc/multiqc_plots/svg/fastp-seq-content-gc-plot_Read_1_Before_filtering.svg",
                "multiqc/multiqc_plots/svg/fastp-seq-content-gc-plot_Read_2_After_filtering.svg",
                "multiqc/multiqc_plots/svg/fastp-seq-content-gc-plot_Read_2_Before_filtering.svg",
                "multiqc/multiqc_plots/svg/fastp-seq-content-n-plot_Read_1_After_filtering.svg",
                "multiqc/multiqc_plots/svg/fastp-seq-content-n-plot_Read_1_Before_filtering.svg",
                "multiqc/multiqc_plots/svg/fastp-seq-content-n-plot_Read_2_After_filtering.svg",
                "multiqc/multiqc_plots/svg/fastp-seq-content-n-plot_Read_2_Before_filtering.svg",
                "multiqc/multiqc_plots/svg/fastp-seq-quality-plot_Read_1_After_filtering.svg",
                "multiqc/multiqc_plots/svg/fastp-seq-quality-plot_Read_1_Before_filtering.svg",
                "multiqc/multiqc_plots/svg/fastp-seq-quality-plot_Read_2_After_filtering.svg",
                "multiqc/multiqc_plots/svg/fastp-seq-quality-plot_Read_2_Before_filtering.svg",
                "multiqc/multiqc_plots/svg/fastp_filtered_reads_plot-cnt.svg",
                "multiqc/multiqc_plots/svg/fastp_filtered_reads_plot-pct.svg",
                "multiqc/multiqc_plots/svg/mosdepth-coverage-per-contig-single-cnt.svg",
                "multiqc/multiqc_plots/svg/mosdepth-coverage-per-contig-single-pct.svg",
                "multiqc/multiqc_plots/svg/mosdepth-cumcoverage-dist-id.svg",
                "multiqc/multiqc_plots/svg/samtools-stats-dp.svg",
                "multiqc/multiqc_plots/svg/samtools_alignment_plot-cnt.svg",
                "multiqc/multiqc_plots/svg/samtools_alignment_plot-pct.svg",
                "multiqc/multiqc_report.html",
                "multiqc_mapper",
                "multiqc_mapper/qc_metrics_unified.tsv",
                "pipeline_info",
                "pipeline_info/qc_software_mqc_versions.yml",
                "test",
                "test/fastp",
                "test/fastp/test.fastp.html",
                "test/fastp/test.fastp.json",
                "test/fastp/test.fastp.log",
                "test/mosdepth",
                "test/mosdepth/test.mosdepth.global.dist.txt",
                "test/mosdepth/test.mosdepth.summary.txt",
                "test/samtools_stats",
                "test/samtools_stats/test.stats",
                "test2",
                "test2/fastp",
                "test2/fastp/test2.fastp.html",
                "test2/fastp/test2.fastp.json",
                "test2/fastp/test2.fastp.log",
                "test2/mosdepth",
                "test2/mosdepth/test2.mosdepth.global.dist.txt",
                "test2/mosdepth/test2.mosdepth.summary.txt",
                "test2/samtools_stats",
                "test2/samtools_stats/test2.stats",
                "test2_cram",
                "test2_cram/mosdepth",
                "test2_cram/mosdepth/test2_cram.mosdepth.global.dist.txt",
                "test2_cram/mosdepth/test2_cram.mosdepth.summary.txt",
                "test2_cram/samtools_stats",
                "test2_cram/samtools_stats/test2_cram.stats",
                "test_cram",
                "test_cram/mosdepth",
                "test_cram/mosdepth/test_cram.mosdepth.global.dist.txt",
                "test_cram/mosdepth/test_cram.mosdepth.summary.txt",
                "test_cram/samtools_stats",
                "test_cram/samtools_stats/test_cram.stats"
            ],
            [
                "fastp-insert-size-plot.txt:md5,30cf2afe17ddda4e32645d3a32c291b8",
                "fastp-seq-content-gc-plot_Read_1_After_filtering.txt:md5,fc30861b89573598c5276f7c3ac5baf0",
                "fastp-seq-content-gc-plot_Read_1_Before_filtering.txt:md5,cc04e4efcb91fb555cbaffcfd07190cc",
                "fastp-seq-content-gc-plot_Read_2_After_filtering.txt:md5,367cd0323e02f0e087b13b8c95966a5f",
                "fastp-seq-content-gc-plot_Read_2_Before_filtering.txt:md5,628062b416541cd8f305efe74ba59a65",
                "fastp-seq-content-n-plot_Read_1_After_filtering.txt:md5,5d1d29ead87561f44f35cbec6972a733",
                "fastp-seq-content-n-plot_Read_1_Before_filtering.txt:md5,5d1d29ead87561f44f35cbec6972a733",
                "fastp-seq-content-n-plot_Read_2_After_filtering.txt:md5,f0d9db98b19425ab95164c445f1b3d16",
                "fastp-seq-content-n-plot_Read_2_Before_filtering.txt:md5,f0d9db98b19425ab95164c445f1b3d16",
                "fastp-seq-quality-plot_Read_1_After_filtering.txt:md5,011656a5719ce35be4f5f8eea114572a",
                "fastp-seq-quality-plot_Read_1_Before_filtering.txt:md5,686af9a69e3aa6777959a33b41d0cd0f",
                "fastp-seq-quality-plot_Read_2_After_filtering.txt:md5,dc8fbdce5dc871ebff229a1e6cff9019",
                "fastp-seq-quality-plot_Read_2_Before_filtering.txt:md5,39eab0a211855fe8a4be90fd3534ad53",
                "fastp_filtered_reads_plot.txt:md5,b874f7fd4cae0c1799079bd8b08e491a",
                "mosdepth-coverage-per-contig-single.txt:md5,2ef90e1a6d26a063e81e9b8aa6054bcd",
                "mosdepth-cumcoverage-dist-id.txt:md5,32663d0ebd78bdba888980ca7b13b097",
                "mosdepth_cov_dist.txt:md5,2a9b2d5bff15c3901986c9d360e09ccb",
                "mosdepth_cumcov_dist.txt:md5,2a9b2d5bff15c3901986c9d360e09ccb",
                "mosdepth_perchrom.txt:md5,b7f04056aa5fa20bd8c390e4555c2d4b",
                "multiqc_citations.txt:md5,1a4b7bba1670272e67823b3c02466656",
                "multiqc_fastp.txt:md5,b7efbf74ae3a00735d8d14e1fd4b7107",
                "multiqc_general_stats.txt:md5,196559c04910fd7411049eff2b5a8742",
                "multiqc_samtools_stats.txt:md5,fab20ac7c966caeffbab5cca1532da5d",
                "samtools-stats-dp.txt:md5,ebeb88271bc74659ce6f26e9f05b2758",
                "samtools_alignment_plot.txt:md5,3030dda702f9d8e1810234437fbe4402",
                "qc_metrics_unified.tsv:md5,4cef3493e46c2bf4df3431aa1b8c32a2",
                "test.fastp.html:md5,11b0aaaab399de6cb96fe6876b09c13d",
                "test.fastp.json:md5,c5433aaf54b5aa7b2faa10ed22f65fde",
                "test.fastp.log:md5,a84e4c8eff3eda6e55d6eb8e4d8ee186",
                "test.mosdepth.global.dist.txt:md5,e82e90c7d508a135b5a8a7cd6933452e",
                "test.mosdepth.summary.txt:md5,4f0d231060cbde4efdd673863bd2fb59",
                "test.stats:md5,a15b3a5e59337db312d66020c7bb93ac",
                "test2.fastp.html:md5,70dd4ba82ea8d751841594cdb63c0e44",
                "test2.fastp.json:md5,713d7b9e81edec8106a9449a673dc42f",
                "test2.fastp.log:md5,541b17ca61df413efa8e840b11370f7f",
                "test2.mosdepth.global.dist.txt:md5,ba97ed85645f77da6f3adad138b3cdb4",
                "test2.mosdepth.summary.txt:md5,f39ba529fca62e98c6d6b5c1ea27ef7c",
                "test2.stats:md5,fae549c0c944f6cc34dd6d9b9569e3d3",
                "test2_cram.mosdepth.global.dist.txt:md5,f2dcd00a64947c49e8e4b93c2f4fbf27",
                "test2_cram.mosdepth.summary.txt:md5,0a7300e56eda6fba7c7564f00aa000f0",
                "test2_cram.stats:md5,0d1784cb4c3f14b9858247ac6128dd03",
                "test_cram.mosdepth.global.dist.txt:md5,69e29702ef01fd8f6c7a5468fc35a16a",
                "test_cram.mosdepth.summary.txt:md5,d2775eb102acc5950f7f53883dcb503d",
                "test_cram.stats:md5,bcc229318527e414e69aaa5cd092ad9b"
            ]
        ],
        "timestamp": "2026-08-14T11:01:37.112683436",
        "meta": {
            "nf-test": "0.9.4",
            "nextflow": "25.10.4"
        }
    }
}