{
    "test hg38": {
        "content": [
            13,
            {
                "FASTP": {
                    "fastp": "0.24.0"
                },
                "FASTQC": {
                    "fastqc": "0.12.1"
                },
                "METHYLDACKEL_MBIAS": {
                    "methyldackel": "0.6.1"
                },
                "MOSDEPTH": {
                    "mosdepth": "0.3.10"
                },
                "NANOPLOT": {
                    "nanoplot": "1.44.1"
                },
                "SAMTOOLS_FAIDX": {
                    "samtools": 1.21
                },
                "SAMTOOLS_STATS": {
                    "samtools": 1.21
                },
                "SEQFU_STATS": {
                    "seqfu": "1.22.3"
                },
                "Workflow": {
                    "GHGA AQuA": "v1.0.0dev"
                }
            },
            [
                "multiqc",
                "multiqc/multiqc_data",
                "multiqc/multiqc_data/fastp-seq-content-gc-plot_Read_1_After_filtering.txt",
                "multiqc/multiqc_data/fastp-seq-content-gc-plot_Read_1_Before_filtering.txt",
                "multiqc/multiqc_data/fastp-seq-content-n-plot_Read_1_After_filtering.txt",
                "multiqc/multiqc_data/fastp-seq-content-n-plot_Read_1_Before_filtering.txt",
                "multiqc/multiqc_data/fastp-seq-quality-plot_Read_1_After_filtering.txt",
                "multiqc/multiqc_data/fastp-seq-quality-plot_Read_1_Before_filtering.txt",
                "multiqc/multiqc_data/fastp_filtered_reads_plot.txt",
                "multiqc/multiqc_data/llms-full.txt",
                "multiqc/multiqc_data/mosdepth-coverage-per-contig-single.txt",
                "multiqc/multiqc_data/mosdepth-cumcoverage-dist-id.txt",
                "multiqc/multiqc_data/mosdepth_cov_dist.txt",
                "multiqc/multiqc_data/mosdepth_cumcov_dist.txt",
                "multiqc/multiqc_data/mosdepth_perchrom.txt",
                "multiqc/multiqc_data/multiqc.log",
                "multiqc/multiqc_data/multiqc.parquet",
                "multiqc/multiqc_data/multiqc_citations.txt",
                "multiqc/multiqc_data/multiqc_data.json",
                "multiqc/multiqc_data/multiqc_fastp.txt",
                "multiqc/multiqc_data/multiqc_general_stats.txt",
                "multiqc/multiqc_data/multiqc_samtools_stats.txt",
                "multiqc/multiqc_data/multiqc_software_versions.txt",
                "multiqc/multiqc_data/multiqc_sources.txt",
                "multiqc/multiqc_data/samtools-stats-dp.txt",
                "multiqc/multiqc_data/samtools_alignment_plot.txt",
                "multiqc/multiqc_plots",
                "multiqc/multiqc_plots/pdf",
                "multiqc/multiqc_plots/pdf/fastp-seq-content-gc-plot_Read_1_After_filtering.pdf",
                "multiqc/multiqc_plots/pdf/fastp-seq-content-gc-plot_Read_1_Before_filtering.pdf",
                "multiqc/multiqc_plots/pdf/fastp-seq-content-n-plot_Read_1_After_filtering.pdf",
                "multiqc/multiqc_plots/pdf/fastp-seq-content-n-plot_Read_1_Before_filtering.pdf",
                "multiqc/multiqc_plots/pdf/fastp-seq-quality-plot_Read_1_After_filtering.pdf",
                "multiqc/multiqc_plots/pdf/fastp-seq-quality-plot_Read_1_Before_filtering.pdf",
                "multiqc/multiqc_plots/pdf/fastp_filtered_reads_plot-cnt.pdf",
                "multiqc/multiqc_plots/pdf/fastp_filtered_reads_plot-pct.pdf",
                "multiqc/multiqc_plots/pdf/mosdepth-coverage-per-contig-single-cnt.pdf",
                "multiqc/multiqc_plots/pdf/mosdepth-coverage-per-contig-single-pct.pdf",
                "multiqc/multiqc_plots/pdf/mosdepth-cumcoverage-dist-id.pdf",
                "multiqc/multiqc_plots/pdf/samtools-stats-dp.pdf",
                "multiqc/multiqc_plots/pdf/samtools_alignment_plot-cnt.pdf",
                "multiqc/multiqc_plots/pdf/samtools_alignment_plot-pct.pdf",
                "multiqc/multiqc_plots/png",
                "multiqc/multiqc_plots/png/fastp-seq-content-gc-plot_Read_1_After_filtering.png",
                "multiqc/multiqc_plots/png/fastp-seq-content-gc-plot_Read_1_Before_filtering.png",
                "multiqc/multiqc_plots/png/fastp-seq-content-n-plot_Read_1_After_filtering.png",
                "multiqc/multiqc_plots/png/fastp-seq-content-n-plot_Read_1_Before_filtering.png",
                "multiqc/multiqc_plots/png/fastp-seq-quality-plot_Read_1_After_filtering.png",
                "multiqc/multiqc_plots/png/fastp-seq-quality-plot_Read_1_Before_filtering.png",
                "multiqc/multiqc_plots/png/fastp_filtered_reads_plot-cnt.png",
                "multiqc/multiqc_plots/png/fastp_filtered_reads_plot-pct.png",
                "multiqc/multiqc_plots/png/mosdepth-coverage-per-contig-single-cnt.png",
                "multiqc/multiqc_plots/png/mosdepth-coverage-per-contig-single-pct.png",
                "multiqc/multiqc_plots/png/mosdepth-cumcoverage-dist-id.png",
                "multiqc/multiqc_plots/png/samtools-stats-dp.png",
                "multiqc/multiqc_plots/png/samtools_alignment_plot-cnt.png",
                "multiqc/multiqc_plots/png/samtools_alignment_plot-pct.png",
                "multiqc/multiqc_plots/svg",
                "multiqc/multiqc_plots/svg/fastp-seq-content-gc-plot_Read_1_After_filtering.svg",
                "multiqc/multiqc_plots/svg/fastp-seq-content-gc-plot_Read_1_Before_filtering.svg",
                "multiqc/multiqc_plots/svg/fastp-seq-content-n-plot_Read_1_After_filtering.svg",
                "multiqc/multiqc_plots/svg/fastp-seq-content-n-plot_Read_1_Before_filtering.svg",
                "multiqc/multiqc_plots/svg/fastp-seq-quality-plot_Read_1_After_filtering.svg",
                "multiqc/multiqc_plots/svg/fastp-seq-quality-plot_Read_1_Before_filtering.svg",
                "multiqc/multiqc_plots/svg/fastp_filtered_reads_plot-cnt.svg",
                "multiqc/multiqc_plots/svg/fastp_filtered_reads_plot-pct.svg",
                "multiqc/multiqc_plots/svg/mosdepth-coverage-per-contig-single-cnt.svg",
                "multiqc/multiqc_plots/svg/mosdepth-coverage-per-contig-single-pct.svg",
                "multiqc/multiqc_plots/svg/mosdepth-cumcoverage-dist-id.svg",
                "multiqc/multiqc_plots/svg/samtools-stats-dp.svg",
                "multiqc/multiqc_plots/svg/samtools_alignment_plot-cnt.svg",
                "multiqc/multiqc_plots/svg/samtools_alignment_plot-pct.svg",
                "multiqc/multiqc_report.html",
                "multiqc_mapper",
                "multiqc_mapper/unified.tsv",
                "pipeline_info",
                "pipeline_info/qc_software_mqc_versions.yml",
                "test_methly",
                "test_methly/methyldackel",
                "test_methly/methyldackel/test_methly_OB.svg",
                "test_methly/methyldackel/test_methly_OT.svg",
                "test_methly/mosdepth",
                "test_methly/mosdepth/test_methly.mosdepth.global.dist.txt",
                "test_methly/mosdepth/test_methly.mosdepth.summary.txt",
                "test_methly/samtools",
                "test_methly/samtools/test_methly.stats",
                "test_nanopore",
                "test_nanopore/cramino",
                "test_nanopore/cramino/test_nanopore.txt",
                "test_nanopore/mosdepth",
                "test_nanopore/mosdepth/test_nanopore.mosdepth.global.dist.txt",
                "test_nanopore/mosdepth/test_nanopore.mosdepth.summary.txt",
                "test_nanopore/samtools",
                "test_nanopore/samtools/test_nanopore.stats",
                "test_nanopore2",
                "test_nanopore2/fastp",
                "test_nanopore2/fastp/test_nanopore2.fastp.html",
                "test_nanopore2/fastp/test_nanopore2.fastp.json",
                "test_nanopore2/fastp/test_nanopore2.fastp.log",
                "test_nanopore2/fastqc",
                "test_nanopore2/fastqc/test_nanopore2_fastqc.html",
                "test_nanopore2/fastqc/test_nanopore2_fastqc.zip",
                "test_nanopore2/nanoplot",
                "test_nanopore2/nanoplot/LengthvsQualityScatterPlot_dot.html",
                "test_nanopore2/nanoplot/LengthvsQualityScatterPlot_dot.png",
                "test_nanopore2/nanoplot/LengthvsQualityScatterPlot_kde.html",
                "test_nanopore2/nanoplot/LengthvsQualityScatterPlot_kde.png",
                "test_nanopore2/nanoplot/NanoPlot-report.html",
                "test_nanopore2/nanoplot/NanoPlot_20260324_1251.log",
                "test_nanopore2/nanoplot/NanoStats.txt",
                "test_nanopore2/nanoplot/Non_weightedHistogramReadlength.html",
                "test_nanopore2/nanoplot/Non_weightedHistogramReadlength.png",
                "test_nanopore2/nanoplot/Non_weightedLogTransformed_HistogramReadlength.html",
                "test_nanopore2/nanoplot/Non_weightedLogTransformed_HistogramReadlength.png",
                "test_nanopore2/nanoplot/WeightedHistogramReadlength.html",
                "test_nanopore2/nanoplot/WeightedHistogramReadlength.png",
                "test_nanopore2/nanoplot/WeightedLogTransformed_HistogramReadlength.html",
                "test_nanopore2/nanoplot/WeightedLogTransformed_HistogramReadlength.png",
                "test_nanopore2/nanoplot/Yield_By_Length.html",
                "test_nanopore2/nanoplot/Yield_By_Length.png",
                "test_nanopore2/seqfu",
                "test_nanopore2/seqfu/test_nanopore2.tsv"
            ],
            [
                "fastp-seq-content-gc-plot_Read_1_After_filtering.txt:md5,036204434de8b41f5c66c6d36aa27dff",
                "fastp-seq-content-gc-plot_Read_1_Before_filtering.txt:md5,c618e0e028e2fa2f82fbceddeb30e0ad",
                "fastp-seq-content-n-plot_Read_1_After_filtering.txt:md5,639320b6aa8b979c93f85e92efcb9193",
                "fastp-seq-content-n-plot_Read_1_Before_filtering.txt:md5,639320b6aa8b979c93f85e92efcb9193",
                "fastp-seq-quality-plot_Read_1_After_filtering.txt:md5,661984219c894af1b7afdbca2915103d",
                "fastp-seq-quality-plot_Read_1_Before_filtering.txt:md5,450026a8a9c66cb13a63405cf86e5e4a",
                "fastp_filtered_reads_plot.txt:md5,adbb702b9d3c285889c3dd92f09988d0",
                "llms-full.txt:md5,221ec4372c9cb30177a5c1c1dc59dc37",
                "mosdepth-coverage-per-contig-single.txt:md5,a018ce747eee2184cd6c9a058d4ace87",
                "mosdepth-cumcoverage-dist-id.txt:md5,965f45fc8c6b5c09677c3bcdefc96101",
                "mosdepth_cov_dist.txt:md5,fe9546a94f13ee6c6ee43b4052eaff2d",
                "mosdepth_cumcov_dist.txt:md5,fe9546a94f13ee6c6ee43b4052eaff2d",
                "mosdepth_perchrom.txt:md5,a018ce747eee2184cd6c9a058d4ace87",
                "multiqc.parquet:md5,283999147f80a326804269bc551af375",
                "multiqc_citations.txt:md5,1a4b7bba1670272e67823b3c02466656",
                "multiqc_fastp.txt:md5,21fc862b73fa6603709bb6e589f94de5",
                "multiqc_general_stats.txt:md5,e0af6a97c04e1879229cc46b4ef82c08",
                "multiqc_samtools_stats.txt:md5,f03b5f7a2f8fc45cdfed927aa7628f51",
                "samtools-stats-dp.txt:md5,86adb531987d7db7f366852abb43ad41",
                "samtools_alignment_plot.txt:md5,b12f6994f3348385b49c36db227ba739",
                "unified.tsv:md5,965f67b0eb0cb1f29f93b41b39c5f2d9",
                "test_methly_OB.svg:md5,ae24a6472f304db09ed513d5ae5df8b6",
                "test_methly_OT.svg:md5,af1d2f306def83dd15731a52b50def72",
                "test_methly.mosdepth.global.dist.txt:md5,af7333be17d309a39605ccdaad5be437",
                "test_methly.mosdepth.summary.txt:md5,b992e77cb69e853d7a00469b8ac9265f",
                "test_methly.stats:md5,98deb82bffcb95fbd62a3e728b60a524",
                "test_nanopore.txt:md5,cd70521168a9acadc6f93974abeb5f83",
                "test_nanopore.mosdepth.global.dist.txt:md5,d41d8cd98f00b204e9800998ecf8427e",
                "test_nanopore.mosdepth.summary.txt:md5,323a89864de60ef874c560e926830851",
                "test_nanopore.stats:md5,2056f783e50d6e0e2d956c644efa2221",
                "test_nanopore2.fastp.html:md5,1b548cf6a0fda2cd68a6dc8f9dc4351d",
                "test_nanopore2.fastp.json:md5,0b502b88f43d25980f93e5e1a6696804",
                "test_nanopore2.fastp.log:md5,15ea1b21bdd914db3f692718069f5abe",
                "test_nanopore2_fastqc.html:md5,d68002ead56ab6d5743df508d49e452f",
                "test_nanopore2_fastqc.zip:md5,3d4eb6983fd2fb9b227e6c307d2f3dcc",
                "LengthvsQualityScatterPlot_dot.html:md5,0ab82072fd97695e1f7034f59a4c9aed",
                "LengthvsQualityScatterPlot_dot.png:md5,2e45ed1c158b41d047e2d53439266674",
                "LengthvsQualityScatterPlot_kde.html:md5,8a25ccc1068dfacb10c693ac327adf80",
                "LengthvsQualityScatterPlot_kde.png:md5,eaee7c9ef97656d67a8443d78c0df806",
                "NanoPlot-report.html:md5,a67a1fa94653d8aa21ec49275c8f4796",
                "NanoStats.txt:md5,824dab1c9fc41624b43f31c39ee84a46",
                "Non_weightedHistogramReadlength.html:md5,46d1eb1578936c75afdf0932d0d9e79a",
                "Non_weightedHistogramReadlength.png:md5,600045bcbe30d711ec1f6fc35e121c14",
                "Non_weightedLogTransformed_HistogramReadlength.html:md5,71bff1971159085779186323b51d49b5",
                "Non_weightedLogTransformed_HistogramReadlength.png:md5,67727a3530ce46464006b93a8f9d4aa8",
                "WeightedHistogramReadlength.html:md5,11e61531ed55f5963e05dcb477d56888",
                "WeightedHistogramReadlength.png:md5,6e04a793741418c36406926a88983858",
                "WeightedLogTransformed_HistogramReadlength.html:md5,abd213c2ef87445aa90f3df214fa8826",
                "WeightedLogTransformed_HistogramReadlength.png:md5,bf86f0dc81dc37067099cfd567927ba6",
                "Yield_By_Length.html:md5,c779ce16527885f0384e534e6859ec5f",
                "Yield_By_Length.png:md5,30d87ae587f5bb84aedcddf2a3e040e3",
                "test_nanopore2.tsv:md5,cc1c1c6d150cd7fb48e98c39cebfae34"
            ]
        ],
        "timestamp": "2026-03-24T12:52:23.183790006",
        "meta": {
            "nf-test": "0.9.4",
            "nextflow": "25.10.4"
        }
    }
}