{
    "test hg38": {
        "content": [
            10,
            {
                "FASTPLONG": {
                    "fastplong": "0.3.0"
                },
                "MOSDEPTH": {
                    "mosdepth": "0.3.10"
                },
                "NANOPLOT_FASTQ": {
                    "nanoplot": "1.44.1"
                },
                "SAMTOOLS_FAIDX": {
                    "samtools": 1.21
                },
                "SEQFU_STATS": {
                    "seqfu": "1.22.3"
                },
                "Workflow": {
                    "GHGA AQuA": "v1.0.0dev"
                }
            },
            [
                "multiqc",
                "multiqc/multiqc_data",
                "multiqc/multiqc_data/fastp_filtered_reads_plot.txt",
                "multiqc/multiqc_data/llms-full.txt",
                "multiqc/multiqc_data/mosdepth-coverage-per-contig-single.txt",
                "multiqc/multiqc_data/mosdepth-cumcoverage-dist-id.txt",
                "multiqc/multiqc_data/mosdepth_cov_dist.txt",
                "multiqc/multiqc_data/mosdepth_cumcov_dist.txt",
                "multiqc/multiqc_data/mosdepth_perchrom.txt",
                "multiqc/multiqc_data/multiqc.log",
                "multiqc/multiqc_data/multiqc.parquet",
                "multiqc/multiqc_data/multiqc_citations.txt",
                "multiqc/multiqc_data/multiqc_cramino.txt",
                "multiqc/multiqc_data/multiqc_data.json",
                "multiqc/multiqc_data/multiqc_fastp.txt",
                "multiqc/multiqc_data/multiqc_general_stats.txt",
                "multiqc/multiqc_data/multiqc_nanostat.txt",
                "multiqc/multiqc_data/multiqc_samtools_flagstat.txt",
                "multiqc/multiqc_data/multiqc_software_versions.txt",
                "multiqc/multiqc_data/multiqc_sources.txt",
                "multiqc/multiqc_data/nanostat_fastq_stats_table.txt",
                "multiqc/multiqc_data/nanostat_quality_dist.txt",
                "multiqc/multiqc_data/samtools-flagstat-pct-table.txt",
                "multiqc/multiqc_data/samtools-flagstat-table.txt",
                "multiqc/multiqc_plots",
                "multiqc/multiqc_plots/pdf",
                "multiqc/multiqc_plots/pdf/cramino.pdf",
                "multiqc/multiqc_plots/pdf/fastp_filtered_reads_plot-cnt.pdf",
                "multiqc/multiqc_plots/pdf/fastp_filtered_reads_plot-pct.pdf",
                "multiqc/multiqc_plots/pdf/mosdepth-coverage-per-contig-single-cnt.pdf",
                "multiqc/multiqc_plots/pdf/mosdepth-coverage-per-contig-single-pct.pdf",
                "multiqc/multiqc_plots/pdf/mosdepth-cumcoverage-dist-id.pdf",
                "multiqc/multiqc_plots/pdf/nanostat_fastq_stats_table.pdf",
                "multiqc/multiqc_plots/pdf/nanostat_quality_dist-cnt.pdf",
                "multiqc/multiqc_plots/pdf/nanostat_quality_dist-pct.pdf",
                "multiqc/multiqc_plots/pdf/samtools-flagstat-pct-table.pdf",
                "multiqc/multiqc_plots/pdf/samtools-flagstat-table.pdf",
                "multiqc/multiqc_plots/png",
                "multiqc/multiqc_plots/png/cramino.png",
                "multiqc/multiqc_plots/png/fastp_filtered_reads_plot-cnt.png",
                "multiqc/multiqc_plots/png/fastp_filtered_reads_plot-pct.png",
                "multiqc/multiqc_plots/png/mosdepth-coverage-per-contig-single-cnt.png",
                "multiqc/multiqc_plots/png/mosdepth-coverage-per-contig-single-pct.png",
                "multiqc/multiqc_plots/png/mosdepth-cumcoverage-dist-id.png",
                "multiqc/multiqc_plots/png/nanostat_fastq_stats_table.png",
                "multiqc/multiqc_plots/png/nanostat_quality_dist-cnt.png",
                "multiqc/multiqc_plots/png/nanostat_quality_dist-pct.png",
                "multiqc/multiqc_plots/png/samtools-flagstat-pct-table.png",
                "multiqc/multiqc_plots/png/samtools-flagstat-table.png",
                "multiqc/multiqc_plots/svg",
                "multiqc/multiqc_plots/svg/cramino.svg",
                "multiqc/multiqc_plots/svg/fastp_filtered_reads_plot-cnt.svg",
                "multiqc/multiqc_plots/svg/fastp_filtered_reads_plot-pct.svg",
                "multiqc/multiqc_plots/svg/mosdepth-coverage-per-contig-single-cnt.svg",
                "multiqc/multiqc_plots/svg/mosdepth-coverage-per-contig-single-pct.svg",
                "multiqc/multiqc_plots/svg/mosdepth-cumcoverage-dist-id.svg",
                "multiqc/multiqc_plots/svg/nanostat_fastq_stats_table.svg",
                "multiqc/multiqc_plots/svg/nanostat_quality_dist-cnt.svg",
                "multiqc/multiqc_plots/svg/nanostat_quality_dist-pct.svg",
                "multiqc/multiqc_plots/svg/samtools-flagstat-pct-table.svg",
                "multiqc/multiqc_plots/svg/samtools-flagstat-table.svg",
                "multiqc/multiqc_report.html",
                "multiqc_mapper",
                "multiqc_mapper/qc_metrics_unified.tsv",
                "pipeline_info",
                "pipeline_info/qc_software_mqc_versions.yml",
                "test_methly",
                "test_methly/mosdepth",
                "test_methly/mosdepth/test_methly.mosdepth.global.dist.txt",
                "test_methly/mosdepth/test_methly.mosdepth.summary.txt",
                "test_methly/sambamba_flagstat",
                "test_methly/sambamba_flagstat/test_methly.stats",
                "test_nanopore",
                "test_nanopore/mosdepth",
                "test_nanopore/mosdepth/test_nanopore.mosdepth.global.dist.txt",
                "test_nanopore/mosdepth/test_nanopore.mosdepth.summary.txt",
                "test_nanopore/sambamba_flagstat",
                "test_nanopore/sambamba_flagstat/test_nanopore.stats",
                "test_nanopore2",
                "test_nanopore2/fastplong",
                "test_nanopore2/fastplong/test_nanopore2.fastplong.html",
                "test_nanopore2/fastplong/test_nanopore2.fastplong.json",
                "test_nanopore2/fastplong/test_nanopore2.fastplong.log",
                "test_nanopore2/nanoplot",
                "test_nanopore2/nanoplot/LengthvsQualityScatterPlot_dot.html",
                "test_nanopore2/nanoplot/LengthvsQualityScatterPlot_dot.png",
                "test_nanopore2/nanoplot/LengthvsQualityScatterPlot_kde.html",
                "test_nanopore2/nanoplot/LengthvsQualityScatterPlot_kde.png",
                "test_nanopore2/nanoplot/NanoPlot-report.html",
                "test_nanopore2/nanoplot/NanoPlot_20260806_1148.log",
                "test_nanopore2/nanoplot/NanoStats.txt",
                "test_nanopore2/nanoplot/Non_weightedHistogramReadlength.html",
                "test_nanopore2/nanoplot/Non_weightedHistogramReadlength.png",
                "test_nanopore2/nanoplot/Non_weightedLogTransformed_HistogramReadlength.html",
                "test_nanopore2/nanoplot/Non_weightedLogTransformed_HistogramReadlength.png",
                "test_nanopore2/nanoplot/WeightedHistogramReadlength.html",
                "test_nanopore2/nanoplot/WeightedHistogramReadlength.png",
                "test_nanopore2/nanoplot/WeightedLogTransformed_HistogramReadlength.html",
                "test_nanopore2/nanoplot/WeightedLogTransformed_HistogramReadlength.png",
                "test_nanopore2/nanoplot/Yield_By_Length.html",
                "test_nanopore2/nanoplot/Yield_By_Length.png",
                "test_nanopore2/seqfu_stats",
                "test_nanopore2/seqfu_stats/test_nanopore2.tsv"
            ],
            [
                "fastp_filtered_reads_plot.txt:md5,ebde02fc104135e7126d4ed1a4848044",
                "mosdepth-coverage-per-contig-single.txt:md5,a018ce747eee2184cd6c9a058d4ace87",
                "mosdepth-cumcoverage-dist-id.txt:md5,965f45fc8c6b5c09677c3bcdefc96101",
                "mosdepth_cov_dist.txt:md5,fe9546a94f13ee6c6ee43b4052eaff2d",
                "mosdepth_cumcov_dist.txt:md5,fe9546a94f13ee6c6ee43b4052eaff2d",
                "mosdepth_perchrom.txt:md5,a018ce747eee2184cd6c9a058d4ace87",
                "multiqc_citations.txt:md5,fcd2e30f41d4a3696af10eae02c0f0ac",
                "multiqc_cramino.txt:md5,8cf56d4fe08e751c6fae92dd3afef8ef",
                "multiqc_fastp.txt:md5,4c5159da83694b8ee6092d92cd3094ce",
                "multiqc_general_stats.txt:md5,02c3ebd59afcb818e99dbcaddd255df5",
                "multiqc_nanostat.txt:md5,eb9572050d05217a96773c6235577594",
                "multiqc_samtools_flagstat.txt:md5,d2b722deaef68f5cdf102397df726ff5",
                "nanostat_fastq_stats_table.txt:md5,9c3eeced7d2a3d221cf2f6857890dd22",
                "nanostat_quality_dist.txt:md5,d6dbe021676f2837a7a47d2cde4dcabb",
                "samtools-flagstat-pct-table.txt:md5,65f8a8b7a797404773641d999fd8e817",
                "samtools-flagstat-table.txt:md5,61d9c5f8d878b7d7746632333febdd31",
                "qc_metrics_unified.tsv:md5,6109bebdea8dda0779b6fa7fd5f2f971",
                "test_methly.mosdepth.global.dist.txt:md5,af7333be17d309a39605ccdaad5be437",
                "test_methly.mosdepth.summary.txt:md5,b992e77cb69e853d7a00469b8ac9265f",
                "test_methly.stats:md5,023cbe46e6d6b7f76159d0385bcaf7aa",
                "test_nanopore.mosdepth.global.dist.txt:md5,d41d8cd98f00b204e9800998ecf8427e",
                "test_nanopore.mosdepth.summary.txt:md5,323a89864de60ef874c560e926830851",
                "test_nanopore.stats:md5,a5c5f68d975054caea7f8143c44767db",
                "test_nanopore2.fastplong.html:md5,3879ec08ae237d9b460c4c50cbb49fda",
                "test_nanopore2.fastplong.json:md5,43f41c48212b7c4f6d5d86672fbec458",
                "test_nanopore2.fastplong.log:md5,ffb133317ac82869b2fe610ebe23c3df",
                "LengthvsQualityScatterPlot_dot.html:md5,89b0de343e45dd228d683873581e310a",
                "LengthvsQualityScatterPlot_dot.png:md5,2e45ed1c158b41d047e2d53439266674",
                "LengthvsQualityScatterPlot_kde.html:md5,ef49729d15c60579d5abb844eb56c8fe",
                "LengthvsQualityScatterPlot_kde.png:md5,eaee7c9ef97656d67a8443d78c0df806",
                "NanoPlot-report.html:md5,6400ec1beeceddfab48d86aea1d7753f",
                "NanoPlot_20260806_1148.log:md5,3ad0ab4a2f4b2bbe9aa92b30afd95300",
                "NanoStats.txt:md5,824dab1c9fc41624b43f31c39ee84a46",
                "Non_weightedHistogramReadlength.html:md5,35df7737079221b516d848f71b4f84c4",
                "Non_weightedHistogramReadlength.png:md5,600045bcbe30d711ec1f6fc35e121c14",
                "Non_weightedLogTransformed_HistogramReadlength.html:md5,5d077f50e377bdb9492af05557309e6b",
                "Non_weightedLogTransformed_HistogramReadlength.png:md5,67727a3530ce46464006b93a8f9d4aa8",
                "WeightedHistogramReadlength.html:md5,94c31191adabb800f4efedda07c10874",
                "WeightedHistogramReadlength.png:md5,6e04a793741418c36406926a88983858",
                "WeightedLogTransformed_HistogramReadlength.html:md5,94c3dfeb8e12532a7e861fab381d3c71",
                "WeightedLogTransformed_HistogramReadlength.png:md5,bf86f0dc81dc37067099cfd567927ba6",
                "Yield_By_Length.html:md5,577f0a6d4776166f501ed1fc67a62c34",
                "Yield_By_Length.png:md5,30d87ae587f5bb84aedcddf2a3e040e3",
                "test_nanopore2.tsv:md5,cc1c1c6d150cd7fb48e98c39cebfae34"
            ]
        ],
        "timestamp": "2026-08-06T11:49:19.605427893",
        "meta": {
            "nf-test": "0.9.4",
            "nextflow": "25.10.4"
        }
    }
}